"../../../Engine/Plugins/Animation/ACLPlugin/Content/ACLAnimCurveCompressionSettings.uasset" 0
"../../../Engine/Plugins/Animation/ACLPlugin/Content/ACLAnimCurveCompressionSettings.uexp" 1
"../../../Engine/Plugins/Animation/ACLPlugin/Content/ACLAnimBoneCompressionSettings.uasset" 2
"../../../Engine/Plugins/Animation/ACLPlugin/Content/ACLAnimBoneCompressionSettings.uexp" 3
"../../../Engine/Plugins/2D/Paper2D/Content/PlaceholderTextures/DummySpriteTexture.ubulk" 4
"../../../Engine/Plugins/2D/Paper2D/Content/PlaceholderTextures/DummySpriteTexture.uasset" 5
"../../../Engine/Plugins/2D/Paper2D/Content/PlaceholderTextures/DummySpriteTexture.uexp" 6
"../../../Engine/Plugins/2D/Paper2D/Content/DummySprite.uasset" 7
"../../../Engine/Plugins/2D/Paper2D/Content/DummySprite.uexp" 8
"../../../Engine/Plugins/2D/Paper2D/Content/DefaultPaperTerrainMaterial.uasset" 9
"../../../Engine/Plugins/2D/Paper2D/Content/DefaultPaperTerrainMaterial.uexp" 10
"../../../Engine/Content/EngineSounds/Master.uasset" 11
"../../../Engine/Content/EngineSounds/Master.uexp" 12
"../../../Engine/Content/EngineMaterials/DefaultPhysicalMaterial.uasset" 13
"../../../Engine/Content/EngineMaterials/DefaultPhysicalMaterial.uexp" 14
"../../../Engine/Content/EngineMaterials/DefaultDestructiblePhysicalMaterial.uasset" 15
"../../../Engine/Content/EngineMaterials/DefaultDestructiblePhysicalMaterial.uexp" 16
"../../../Engine/Content/EngineFonts/Faces/RobotoLight.uexp" 17
"../../../Engine/Content/EngineFonts/Faces/RobotoLight.uasset" 18
"../../../Engine/Content/EngineFonts/Faces/RobotoLight.ufont" 19
"../../../Engine/Content/EngineFonts/Faces/RobotoBold.uexp" 20
"../../../Engine/Content/EngineFonts/Faces/RobotoBold.uasset" 21
"../../../Engine/Content/EngineFonts/Faces/RobotoBold.ufont" 22
"../../../Engine/Content/EngineFonts/Faces/RobotoRegular.uexp" 23
"../../../Engine/Content/EngineFonts/Faces/RobotoRegular.uasset" 24
"../../../Engine/Content/EngineFonts/Faces/RobotoRegular.ufont" 25
"../../../Engine/Content/EngineFonts/Faces/DroidSansFallback.uexp" 26
"../../../Engine/Content/EngineFonts/Faces/DroidSansFallback.uasset" 27
"../../../Engine/Content/EngineFonts/Faces/DroidSansFallback.ufont" 28
"../../../Engine/Content/EngineFonts/Faces/RobotoItalic.uexp" 29
"../../../Engine/Content/EngineFonts/Faces/RobotoItalic.uasset" 30
"../../../Engine/Content/EngineFonts/Faces/RobotoItalic.ufont" 31
"../../../Engine/Content/EngineFonts/Faces/RobotoBoldItalic.uexp" 32
"../../../Engine/Content/EngineFonts/Faces/RobotoBoldItalic.uasset" 33
"../../../Engine/Content/EngineFonts/Faces/RobotoBoldItalic.ufont" 34
"../../../Engine/Content/EngineFonts/Roboto.uasset" 35
"../../../Engine/Content/EngineFonts/Roboto.uexp" 36
"../../../Engine/Content/Animation/DefaultVariableFrameStrippingSettings.uasset" 37
"../../../Engine/Content/Animation/DefaultVariableFrameStrippingSettings.uexp" 38
"../../../Engine/Content/Animation/DefaultRecorderBoneCompression.uasset" 39
"../../../Engine/Content/Animation/DefaultRecorderBoneCompression.uexp" 40
"../../../Engine/Plugins/Interchange/Runtime/Content/Pipelines/DefaultTexturePipeline.uasset" 41
"../../../Engine/Plugins/Interchange/Runtime/Content/Pipelines/DefaultTexturePipeline.uexp" 42
"../../../Engine/Plugins/Interchange/Runtime/Content/Pipelines/DefaultSceneLevelPipeline.uasset" 43
"../../../Engine/Plugins/Interchange/Runtime/Content/Pipelines/DefaultSceneLevelPipeline.uexp" 44
"../../../Engine/Plugins/Interchange/Runtime/Content/Pipelines/DefaultSceneAssetsPipeline.uasset" 45
"../../../Engine/Plugins/Interchange/Runtime/Content/Pipelines/DefaultSceneAssetsPipeline.uexp" 46
"../../../Engine/Plugins/Interchange/Runtime/Content/Pipelines/DefaultMaterialXPipeline.uasset" 47
"../../../Engine/Plugins/Interchange/Runtime/Content/Pipelines/DefaultMaterialXPipeline.uexp" 48
"../../../Engine/Plugins/Interchange/Runtime/Content/Pipelines/DefaultMaterialPipeline.uasset" 49
"../../../Engine/Plugins/Interchange/Runtime/Content/Pipelines/DefaultMaterialPipeline.uexp" 50
"../../../Engine/Plugins/Interchange/Runtime/Content/Pipelines/DefaultGLTFSceneAssetsPipeline.uasset" 51
"../../../Engine/Plugins/Interchange/Runtime/Content/Pipelines/DefaultGLTFSceneAssetsPipeline.uexp" 52
"../../../Engine/Plugins/Interchange/Runtime/Content/Pipelines/DefaultGLTFPipeline.uasset" 53
"../../../Engine/Plugins/Interchange/Runtime/Content/Pipelines/DefaultGLTFPipeline.uexp" 54
"../../../Engine/Plugins/Interchange/Runtime/Content/Pipelines/DefaultGLTFAssetsPipeline.uasset" 55
"../../../Engine/Plugins/Interchange/Runtime/Content/Pipelines/DefaultGLTFAssetsPipeline.uexp" 56
"../../../Engine/Plugins/Interchange/Runtime/Content/Pipelines/DefaultAssetsPipeline.uasset" 57
"../../../Engine/Plugins/Interchange/Runtime/Content/Pipelines/DefaultAssetsPipeline.uexp" 58
"../../../Engine/Plugins/Animation/ControlRig/Content/Controls/DefaultGizmoLibraryNormalized.uasset" 59
"../../../Engine/Plugins/Animation/ControlRig/Content/Controls/DefaultGizmoLibraryNormalized.uexp" 60
"../../../Engine/Content/MobileResources/HUD/VirtualJoystick_Background.uasset" 61
"../../../Engine/Content/MobileResources/HUD/VirtualJoystick_Background.uexp" 62
"../../../Engine/Content/MobileResources/HUD/VirtualJoystick_Thumb.uasset" 63
"../../../Engine/Content/MobileResources/HUD/VirtualJoystick_Thumb.uexp" 64
"../../../Engine/Content/MobileResources/HUD/DefaultVirtualJoysticks.uasset" 65
"../../../Engine/Content/MobileResources/HUD/DefaultVirtualJoysticks.uexp" 66
"../../../Engine/Content/EditorResources/S_Actor.ubulk" 67
"../../../Engine/Content/EditorResources/S_Actor.uasset" 68
"../../../Engine/Content/EditorResources/S_Actor.uexp" 69
"../../../Engine/Content/EngineResources/GradientTexture0.uasset" 70
"../../../Engine/Content/EngineResources/GradientTexture0.uexp" 71
"../../../Engine/Content/EngineResources/DefaultTexture.ubulk" 72
"../../../Engine/Content/EngineResources/DefaultTexture.uasset" 73
"../../../Engine/Content/EngineResources/DefaultTexture.uexp" 74
"../../../Engine/Content/EngineResources/Black.uasset" 75
"../../../Engine/Content/EngineResources/Black.uexp" 76
"../../../Engine/Content/EngineMaterials/PreintegratedSkinBRDF.uasset" 77
"../../../Engine/Content/EngineMaterials/PreintegratedSkinBRDF.uexp" 78
"../../../Engine/Content/EngineMaterials/MiniFont.uasset" 79
"../../../Engine/Content/EngineMaterials/MiniFont.uexp" 80
"../../../Engine/Content/EngineMaterials/FastBlueNoise_vec2_128x128x64.uasset" 81
"../../../Engine/Content/EngineMaterials/FastBlueNoise_vec2_128x128x64.uexp" 82
"../../../Engine/Content/EngineMaterials/FastBlueNoise_scalar_128x128x64.uasset" 83
"../../../Engine/Content/EngineMaterials/FastBlueNoise_scalar_128x128x64.uexp" 84
"../../../Engine/Content/EngineMaterials/DefaultWhiteGrid.ubulk" 85
"../../../Engine/Content/EngineMaterials/DefaultWhiteGrid.uasset" 86
"../../../Engine/Content/EngineMaterials/DefaultWhiteGrid.uexp" 87
"../../../Engine/Content/EngineMaterials/DefaultBokeh.uasset" 88
"../../../Engine/Content/EngineMaterials/DefaultBokeh.uexp" 89
"../../../Engine/Content/EngineMaterials/DefaultBloomKernel.uasset" 90
"../../../Engine/Content/EngineMaterials/DefaultBloomKernel.uexp" 91
"../../../Engine/Content/EngineDamageTypes/DmgTypeBP_Environmental.uasset" 92
"../../../Engine/Content/EngineDamageTypes/DmgTypeBP_Environmental.uexp" 93
"../../../Engine/Content/EditorResources/S_TriggerSphere.uasset" 94
"../../../Engine/Content/EditorResources/S_TriggerSphere.uexp" 95
"../../../Engine/Content/EditorResources/S_TriggerCapsule.uasset" 96
"../../../Engine/Content/EditorResources/S_TriggerCapsule.uexp" 97
"../../../Engine/Content/EditorResources/S_TriggerBox.uasset" 98
"../../../Engine/Content/EditorResources/S_TriggerBox.uexp" 99
"../../../Engine/Content/EditorResources/S_Trigger.ubulk" 100
"../../../Engine/Content/EditorResources/S_Trigger.uasset" 101
"../../../Engine/Content/EditorResources/S_Trigger.uexp" 102
"../../../Engine/Content/EditorResources/S_Terrain.ubulk" 103
"../../../Engine/Content/EditorResources/S_Terrain.uasset" 104
"../../../Engine/Content/EditorResources/S_Terrain.uexp" 105
"../../../Engine/Content/EditorResources/S_Solver.ubulk" 106
"../../../Engine/Content/EditorResources/S_Solver.uasset" 107
"../../../Engine/Content/EditorResources/S_Solver.uexp" 108
"../../../Engine/Content/EditorResources/S_BoxReflectionCapture.uasset" 109
"../../../Engine/Content/EditorResources/S_BoxReflectionCapture.uexp" 110
"../../../Engine/Content/EditorResources/EmptyActor.uasset" 111
"../../../Engine/Content/EditorResources/EmptyActor.uexp" 112
"../../../Engine/Content/EditorResources/BSPVertex.uasset" 113
"../../../Engine/Content/EditorResources/BSPVertex.uexp" 114
"../../../Engine/Content/EditorLandscapeResources/DefaultAlphaTexture.uasset" 115
"../../../Engine/Content/EditorLandscapeResources/DefaultAlphaTexture.uexp" 116
"../../../Engine/Content/EngineMaterials/T_Default_Material_Grid_M.ubulk" 117
"../../../Engine/Content/EngineMaterials/T_Default_Material_Grid_M.uasset" 118
"../../../Engine/Content/EngineMaterials/T_Default_Material_Grid_M.uexp" 119
"../../../Engine/Content/EngineMaterials/T_Default_Material_Grid_N.ubulk" 120
"../../../Engine/Content/EngineMaterials/T_Default_Material_Grid_N.uasset" 121
"../../../Engine/Content/EngineMaterials/T_Default_Material_Grid_N.uexp" 122
"../../../Engine/Content/Functions/Engine_MaterialFunctions01/Opacity/CameraDepthFade.uasset" 123
"../../../Engine/Content/Functions/Engine_MaterialFunctions01/Opacity/CameraDepthFade.uexp" 124
"../../../Engine/Content/EngineMaterials/WorldGridMaterial.uasset" 125
"../../../Engine/Content/EngineMaterials/WorldGridMaterial.uexp" 126
"../../../Engine/Content/BasicShapes/Cube.ubulk" 127
"../../../Engine/Content/BasicShapes/Cube.uasset" 128
"../../../Engine/Content/BasicShapes/Cube.uexp" 129
"C:/Users/natur/Documents/Ecole/unreal/KeepPushing/Content/InputSystem/IA_Turn.uasset" 130
"C:/Users/natur/Documents/Ecole/unreal/KeepPushing/Content/InputSystem/IA_Turn.uexp" 131
"C:/Users/natur/Documents/Ecole/unreal/KeepPushing/Content/InputSystem/IA_Dash.uasset" 132
"C:/Users/natur/Documents/Ecole/unreal/KeepPushing/Content/InputSystem/IA_Dash.uexp" 133
"C:/Users/natur/Documents/Ecole/unreal/KeepPushing/Content/PlayerCar/Curve/CurveFloatTorque.uasset" 134
"C:/Users/natur/Documents/Ecole/unreal/KeepPushing/Content/PlayerCar/Curve/CurveFloatTorque.uexp" 135
"C:/Users/natur/Documents/Ecole/unreal/KeepPushing/Content/InputSystem/IA_Brake.uasset" 136
"C:/Users/natur/Documents/Ecole/unreal/KeepPushing/Content/InputSystem/IA_Brake.uexp" 137
"C:/Users/natur/Documents/Ecole/unreal/KeepPushing/Content/InputSystem/IA_Throttle.uasset" 138
"C:/Users/natur/Documents/Ecole/unreal/KeepPushing/Content/InputSystem/IA_Throttle.uexp" 139
"C:/Users/natur/Documents/Ecole/unreal/KeepPushing/Content/InputSystem/IA_Flip.uasset" 140
"C:/Users/natur/Documents/Ecole/unreal/KeepPushing/Content/InputSystem/IA_Flip.uexp" 141
"C:/Users/natur/Documents/Ecole/unreal/KeepPushing/Content/InputSystem/IA_Jump.uasset" 142
"C:/Users/natur/Documents/Ecole/unreal/KeepPushing/Content/InputSystem/IA_Jump.uexp" 143
"C:/Users/natur/Documents/Ecole/unreal/KeepPushing/Content/InputSystem/IA_Drift.uasset" 144
"C:/Users/natur/Documents/Ecole/unreal/KeepPushing/Content/InputSystem/IA_Drift.uexp" 145
"C:/Users/natur/Documents/Ecole/unreal/KeepPushing/Content/InputSystem/IM_PlayerControls.uasset" 146
"C:/Users/natur/Documents/Ecole/unreal/KeepPushing/Content/InputSystem/IM_PlayerControls.uexp" 147
"C:/Users/natur/Documents/Ecole/unreal/KeepPushing/Content/PlayerCar/BP_CarV3.uasset" 148
"C:/Users/natur/Documents/Ecole/unreal/KeepPushing/Content/PlayerCar/BP_CarV3.uexp" 149
"C:/Users/natur/Documents/Ecole/unreal/KeepPushing/Content/Timer/WBP_TimerHUD.uasset" 150
"C:/Users/natur/Documents/Ecole/unreal/KeepPushing/Content/Timer/WBP_TimerHUD.uexp" 151
"C:/Users/natur/Documents/Ecole/unreal/KeepPushing/Content/Player/BP_CarControllerV2.uasset" 152
"C:/Users/natur/Documents/Ecole/unreal/KeepPushing/Content/Player/BP_CarControllerV2.uexp" 153
"C:/Users/natur/Documents/Ecole/unreal/KeepPushing/Content/Player/BP_KeepPushingGameModeBase.uasset" 154
"C:/Users/natur/Documents/Ecole/unreal/KeepPushing/Content/Player/BP_KeepPushingGameModeBase.uexp" 155
"../../../Engine/Plugins/Runtime/AudioWidgets/Content/Resources/ScrubHandleDown_Clamped.uasset" 156
"../../../Engine/Plugins/Runtime/AudioWidgets/Content/Resources/ScrubHandleDown_Clamped.uexp" 157
"../../../Engine/Content/EngineResources/FilmGrains/Marcie_Grain_v3_128_M2_000.uasset" 158
"../../../Engine/Content/EngineResources/FilmGrains/Marcie_Grain_v3_128_M2_000.uexp" 159
"../../../Engine/Content/EngineMaterials/LTC/Sheen_LTC.uasset" 160
"../../../Engine/Content/EngineMaterials/LTC/Sheen_LTC.uexp" 161
"../../../Engine/Content/EngineMaterials/LTC/GGX_LTCMat.uasset" 162
"../../../Engine/Content/EngineMaterials/LTC/GGX_LTCMat.uexp" 163
"../../../Engine/Content/EngineMaterials/LTC/GGX_LTCAmp.uasset" 164
"../../../Engine/Content/EngineMaterials/LTC/GGX_LTCAmp.uexp" 165
"../../../Engine/Content/EngineMaterials/EnergyConservation/Sheen_Energy.uasset" 166
"../../../Engine/Content/EngineMaterials/EnergyConservation/Sheen_Energy.uexp" 167
"../../../Engine/Content/EngineMaterials/EnergyConservation/SheenLegacy_Energy.uasset" 168
"../../../Engine/Content/EngineMaterials/EnergyConservation/SheenLegacy_Energy.uexp" 169
"../../../Engine/Content/EngineMaterials/EnergyConservation/GGX_TransmissionEnergyArray.uasset" 170
"../../../Engine/Content/EngineMaterials/EnergyConservation/GGX_TransmissionEnergyArray.uexp" 171
"../../../Engine/Content/EngineMaterials/EnergyConservation/GGX_ReflectionEnergy.uasset" 172
"../../../Engine/Content/EngineMaterials/EnergyConservation/GGX_ReflectionEnergy.uexp" 173
"../../../Engine/Content/EngineMaterials/EnergyConservation/Diffuse_Energy.uasset" 174
"../../../Engine/Content/EngineMaterials/EnergyConservation/Diffuse_Energy.uexp" 175
"../../../Engine/Content/EditorResources/SequenceRecorder/RecordingIndicator.uasset" 176
"../../../Engine/Content/EditorResources/SequenceRecorder/RecordingIndicator.uexp" 177
"../../../Engine/Content/EditorResources/SequenceRecorder/Countdown.uasset" 178
"../../../Engine/Content/EditorResources/SequenceRecorder/Countdown.uexp" 179
"../../../Engine/Content/EditorMaterials/ParticleSystems/PSysThumbnail_OOD.ubulk" 180
"../../../Engine/Content/EditorMaterials/ParticleSystems/PSysThumbnail_OOD.uasset" 181
"../../../Engine/Content/EditorMaterials/ParticleSystems/PSysThumbnail_OOD.uexp" 182
"../../../Engine/Content/EditorMaterials/ParticleSystems/PSysThumbnail_NoImage.ubulk" 183
"../../../Engine/Content/EditorMaterials/ParticleSystems/PSysThumbnail_NoImage.uasset" 184
"../../../Engine/Content/EditorMaterials/ParticleSystems/PSysThumbnail_NoImage.uexp" 185
"../../../Engine/Content/EngineResources/DefaultTextureCube.uasset" 186
"../../../Engine/Content/EngineResources/DefaultTextureCube.uexp" 187
"../../../Engine/Content/EngineResources/DefaultVolumeTexture2D.uasset" 188
"../../../Engine/Content/EngineResources/DefaultVolumeTexture2D.uexp" 189
"../../../Engine/Content/EngineResources/DefaultVolumeTexture.uasset" 190
"../../../Engine/Content/EngineResources/DefaultVolumeTexture.uexp" 191
"../../../Engine/Content/EngineMaterials/Substrate/Volume/SubstrateSimpleVolumeEnvLUT3D.uasset" 192
"../../../Engine/Content/EngineMaterials/Substrate/Volume/SubstrateSimpleVolumeEnvLUT3D.uexp" 193
"../../../Engine/Content/EngineMaterials/Substrate/Volume/SubstrateSimpleVolumeLUT3D.uasset" 194
"../../../Engine/Content/EngineMaterials/Substrate/Volume/SubstrateSimpleVolumeLUT3D.uexp" 195
"../../../Engine/Content/Functions/Engine_MaterialFunctions01/Shading/ConvertFromDiffSpec.uasset" 196
"../../../Engine/Content/Functions/Engine_MaterialFunctions01/Shading/ConvertFromDiffSpec.uexp" 197
"../../../Engine/Content/Functions/Engine_MaterialFunctions01/Shading/PowerToRoughness.uasset" 198
"../../../Engine/Content/Functions/Engine_MaterialFunctions01/Shading/PowerToRoughness.uexp" 199
"../../../Engine/Content/EditorMaterials/Dataflow/DataflowTwoSidedVertexMaterial.uasset" 200
"../../../Engine/Content/EditorMaterials/Dataflow/DataflowTwoSidedVertexMaterial.uexp" 201
"../../../Engine/Content/EditorMaterials/Dataflow/DataflowVertexMaterial.uasset" 202
"../../../Engine/Content/EditorMaterials/Dataflow/DataflowVertexMaterial.uexp" 203
"../../../Engine/Plugins/Animation/ControlRig/Content/Controls/ControlRigGizmoMaterial.uasset" 204
"../../../Engine/Plugins/Animation/ControlRig/Content/Controls/ControlRigGizmoMaterial.uexp" 205
"../../../Engine/Plugins/Animation/ControlRig/Content/Controls/ControlRigXRayMaterial.uasset" 206
"../../../Engine/Plugins/Animation/ControlRig/Content/Controls/ControlRigXRayMaterial.uexp" 207
"../../../Engine/Plugins/Editor/SpeedTreeImporter/Content/SpeedTree9/game_wind_noise.ubulk" 208
"../../../Engine/Plugins/Editor/SpeedTreeImporter/Content/SpeedTree9/game_wind_noise.uasset" 209
"../../../Engine/Plugins/Editor/SpeedTreeImporter/Content/SpeedTree9/game_wind_noise.uexp" 210
"../../../Engine/Plugins/Editor/SpeedTreeImporter/Content/SpeedTree9/UnpackDirection.uasset" 211
"../../../Engine/Plugins/Editor/SpeedTreeImporter/Content/SpeedTree9/UnpackDirection.uexp" 212
"../../../Engine/Content/Functions/Engine_MaterialFunctions02/ObjectLocalBounds.uasset" 213
"../../../Engine/Content/Functions/Engine_MaterialFunctions02/ObjectLocalBounds.uexp" 214
"../../../Engine/Content/Functions/Engine_MaterialFunctions02/Utility/BreakOutFloat3Components.uasset" 215
"../../../Engine/Content/Functions/Engine_MaterialFunctions02/Utility/BreakOutFloat3Components.uexp" 216
"../../../Engine/Content/Functions/Engine_MaterialFunctions02/UVs/BoundingBoxBased_0-1_UVW.uasset" 217
"../../../Engine/Content/Functions/Engine_MaterialFunctions02/UVs/BoundingBoxBased_0-1_UVW.uexp" 218
"../../../Engine/Plugins/Editor/SpeedTreeImporter/Content/SpeedTree9/SpeedTreeBillboard.uasset" 219
"../../../Engine/Plugins/Editor/SpeedTreeImporter/Content/SpeedTree9/SpeedTreeBillboard.uexp" 220
"../../../Engine/Content/Functions/Engine_MaterialFunctions02/Utility/VectorLength.uasset" 221
"../../../Engine/Content/Functions/Engine_MaterialFunctions02/Utility/VectorLength.uexp" 222
"../../../Engine/Plugins/Editor/SpeedTreeImporter/Content/SpeedTree9/UnpackInteger3.uasset" 223
"../../../Engine/Plugins/Editor/SpeedTreeImporter/Content/SpeedTree9/UnpackInteger3.uexp" 224
"../../../Engine/Content/Functions/Engine_MaterialFunctions02/WorldPositionOffset/ObjectScale.uasset" 225
"../../../Engine/Content/Functions/Engine_MaterialFunctions02/WorldPositionOffset/ObjectScale.uexp" 226
"../../../Engine/Content/Functions/Engine_MaterialFunctions02/SafeNormalize.uasset" 227
"../../../Engine/Content/Functions/Engine_MaterialFunctions02/SafeNormalize.uexp" 228
"../../../Engine/Plugins/Editor/SpeedTreeImporter/Content/SpeedTree9/SpeedTreeWindMotion.uasset" 229
"../../../Engine/Plugins/Editor/SpeedTreeImporter/Content/SpeedTree9/SpeedTreeWindMotion.uexp" 230
"../../../Engine/Plugins/Editor/SpeedTreeImporter/Content/SpeedTree9/SpeedTreeBranchMotion.uasset" 231
"../../../Engine/Plugins/Editor/SpeedTreeImporter/Content/SpeedTree9/SpeedTreeBranchMotion.uexp" 232
"../../../Engine/Plugins/Editor/SpeedTreeImporter/Content/SpeedTree9/SpeedTreeWind.uasset" 233
"../../../Engine/Plugins/Editor/SpeedTreeImporter/Content/SpeedTree9/SpeedTreeWind.uexp" 234
"../../../Engine/Plugins/Editor/SpeedTreeImporter/Content/SpeedTree9/EmptyNormal.uasset" 235
"../../../Engine/Plugins/Editor/SpeedTreeImporter/Content/SpeedTree9/EmptyNormal.uexp" 236
"../../../Engine/Plugins/Editor/SpeedTreeImporter/Content/SpeedTree9/Empty.uasset" 237
"../../../Engine/Plugins/Editor/SpeedTreeImporter/Content/SpeedTree9/Empty.uexp" 238
"../../../Engine/Plugins/Editor/SpeedTreeImporter/Content/SpeedTree9/SpeedTreeBillboardMaster.uasset" 239
"../../../Engine/Plugins/Editor/SpeedTreeImporter/Content/SpeedTree9/SpeedTreeBillboardMaster.uexp" 240
"../../../Engine/Plugins/Editor/SpeedTreeImporter/Content/SpeedTree9/SpeedTreeCameraFacing.uasset" 241
"../../../Engine/Plugins/Editor/SpeedTreeImporter/Content/SpeedTree9/SpeedTreeCameraFacing.uexp" 242
"../../../Engine/Plugins/Editor/SpeedTreeImporter/Content/SpeedTree9/SpeedTreeMaster.uasset" 243
"../../../Engine/Plugins/Editor/SpeedTreeImporter/Content/SpeedTree9/SpeedTreeMaster.uexp" 244
"../../../Engine/Plugins/Interchange/Assets/Content/Functions/MX_AbsorptionVDF.uasset" 245
"../../../Engine/Plugins/Interchange/Assets/Content/Functions/MX_AbsorptionVDF.uexp" 246
"../../../Engine/Plugins/Interchange/Assets/Content/Functions/MX_AnisotropicVDF.uasset" 247
"../../../Engine/Plugins/Interchange/Assets/Content/Functions/MX_AnisotropicVDF.uexp" 248
"../../../Engine/Plugins/Interchange/Assets/Content/Functions/MX_BurleyDiffuseBSDF.uasset" 249
"../../../Engine/Plugins/Interchange/Assets/Content/Functions/MX_BurleyDiffuseBSDF.uexp" 250
"../../../Engine/Plugins/Interchange/Assets/Content/Functions/MX_ConductorBSDF.uasset" 251
"../../../Engine/Plugins/Interchange/Assets/Content/Functions/MX_ConductorBSDF.uexp" 252
"../../../Engine/Plugins/Interchange/Assets/Content/Functions/MX_ConicalEDF.uasset" 253
"../../../Engine/Plugins/Interchange/Assets/Content/Functions/MX_ConicalEDF.uexp" 254
"../../../Engine/Plugins/Interchange/Assets/Content/Functions/MX_DielectricBSDF.uasset" 255
"../../../Engine/Plugins/Interchange/Assets/Content/Functions/MX_DielectricBSDF.uexp" 256
"../../../Engine/Plugins/Interchange/Assets/Content/Functions/MX_GeneralizedSchlickBSDF.uasset" 257
"../../../Engine/Plugins/Interchange/Assets/Content/Functions/MX_GeneralizedSchlickBSDF.uexp" 258
"../../../Engine/Plugins/Interchange/Assets/Content/Functions/MX_MeasuredEDF.uasset" 259
"../../../Engine/Plugins/Interchange/Assets/Content/Functions/MX_MeasuredEDF.uexp" 260
"../../../Engine/Plugins/Interchange/Assets/Content/Utilities/New_LUT.uasset" 261
"../../../Engine/Plugins/Interchange/Assets/Content/Utilities/New_LUT.uexp" 262
"../../../Engine/Content/Functions/Engine_MaterialFunctions03/Math/RemapValueRange.uasset" 263
"../../../Engine/Content/Functions/Engine_MaterialFunctions03/Math/RemapValueRange.uexp" 264
"../../../Engine/Plugins/Interchange/Assets/Content/Functions/MF_Iridescence.uasset" 265
"../../../Engine/Plugins/Interchange/Assets/Content/Functions/MF_Iridescence.uexp" 266
"../../../Engine/Plugins/Interchange/Assets/Content/Functions/MX_StandardSurface.uasset" 267
"../../../Engine/Plugins/Interchange/Assets/Content/Functions/MX_StandardSurface.uexp" 268
"../../../Engine/Plugins/Interchange/Assets/Content/Functions/MX_OpenPBR_Opaque.uasset" 269
"../../../Engine/Plugins/Interchange/Assets/Content/Functions/MX_OpenPBR_Opaque.uexp" 270
"../../../Engine/Plugins/Interchange/Assets/Content/Functions/MX_TransmissionSurface.uasset" 271
"../../../Engine/Plugins/Interchange/Assets/Content/Functions/MX_TransmissionSurface.uexp" 272
"../../../Engine/Plugins/Interchange/Assets/Content/Functions/MX_OpenPBR_Translucent.uasset" 273
"../../../Engine/Plugins/Interchange/Assets/Content/Functions/MX_OpenPBR_Translucent.uexp" 274
"../../../Engine/Plugins/Interchange/Assets/Content/Functions/MX_OrenNayarBSDF.uasset" 275
"../../../Engine/Plugins/Interchange/Assets/Content/Functions/MX_OrenNayarBSDF.uexp" 276
"../../../Engine/Plugins/Interchange/Assets/Content/Functions/MX_SheenBSDF.uasset" 277
"../../../Engine/Plugins/Interchange/Assets/Content/Functions/MX_SheenBSDF.uexp" 278
"../../../Engine/Plugins/Interchange/Assets/Content/Functions/MX_SubsurfaceBSDF.uasset" 279
"../../../Engine/Plugins/Interchange/Assets/Content/Functions/MX_SubsurfaceBSDF.uexp" 280
"../../../Engine/Plugins/Interchange/Assets/Content/Functions/MX_Surface.uasset" 281
"../../../Engine/Plugins/Interchange/Assets/Content/Functions/MX_Surface.uexp" 282
"../../../Engine/Plugins/Interchange/Assets/Content/Functions/MX_SurfaceUnlit.uasset" 283
"../../../Engine/Plugins/Interchange/Assets/Content/Functions/MX_SurfaceUnlit.uexp" 284
"../../../Engine/Plugins/Interchange/Assets/Content/Functions/MX_ThinFilmBSDF.uasset" 285
"../../../Engine/Plugins/Interchange/Assets/Content/Functions/MX_ThinFilmBSDF.uexp" 286
"../../../Engine/Plugins/Interchange/Assets/Content/Functions/MX_TranslucentBSDF.uasset" 287
"../../../Engine/Plugins/Interchange/Assets/Content/Functions/MX_TranslucentBSDF.uexp" 288
"../../../Engine/Plugins/Interchange/Assets/Content/Functions/MX_UniformEDF.uasset" 289
"../../../Engine/Plugins/Interchange/Assets/Content/Functions/MX_UniformEDF.uexp" 290
"../../../Engine/Plugins/Interchange/Assets/Content/Functions/MX_UsdPreviewSurface.uasset" 291
"../../../Engine/Plugins/Interchange/Assets/Content/Functions/MX_UsdPreviewSurface.uexp" 292
"../../../Engine/Plugins/Runtime/HairStrands/Content/Materials/HairCardsDefaultMaterial.uasset" 293
"../../../Engine/Plugins/Runtime/HairStrands/Content/Materials/HairCardsDefaultMaterial.uexp" 294
"../../../Engine/Plugins/Runtime/HairStrands/Content/Materials/HairGroupColors.uasset" 295
"../../../Engine/Plugins/Runtime/HairStrands/Content/Materials/HairGroupColors.uexp" 296
"../../../Engine/Content/Functions/Engine_MaterialFunctions02/Utility/MakeFloat2.uasset" 297
"../../../Engine/Content/Functions/Engine_MaterialFunctions02/Utility/MakeFloat2.uexp" 298
"../../../Engine/Content/Functions/Engine_MaterialFunctions02/Utility/MakeFloat3.uasset" 299
"../../../Engine/Content/Functions/Engine_MaterialFunctions02/Utility/MakeFloat3.uexp" 300
"../../../Engine/Content/EngineMaterials/HairColorMap.uasset" 301
"../../../Engine/Content/EngineMaterials/HairColorMap.uexp" 302
"../../../Engine/Content/EngineMaterials/HairDebugColor.uasset" 303
"../../../Engine/Content/EngineMaterials/HairDebugColor.uexp" 304
"../../../Engine/Plugins/Runtime/HairStrands/Content/Materials/HairDebugMaterial.uasset" 305
"../../../Engine/Plugins/Runtime/HairStrands/Content/Materials/HairDebugMaterial.uexp" 306
"../../../Engine/Plugins/Runtime/HairStrands/Content/Materials/HairDefaultMaterial.uasset" 307
"../../../Engine/Plugins/Runtime/HairStrands/Content/Materials/HairDefaultMaterial.uexp" 308
"../../../Engine/Plugins/Runtime/HairStrands/Content/Materials/HairMeshesDefaultMaterial.uasset" 309
"../../../Engine/Plugins/Runtime/HairStrands/Content/Materials/HairMeshesDefaultMaterial.uexp" 310
"../../../Engine/Plugins/Runtime/MeshModelingToolset/Content/Materials/M_DynamicMeshComponentVtxColor.uasset" 311
"../../../Engine/Plugins/Runtime/MeshModelingToolset/Content/Materials/M_DynamicMeshComponentVtxColor.uexp" 312
"../../../Engine/Content/EditorMaterials/PhAT_NoCollisionMaterial.uasset" 313
"../../../Engine/Content/EditorMaterials/PhAT_NoCollisionMaterial.uexp" 314
"../../../Engine/Content/EditorMaterials/PhAT_UnselectedMaterial.uasset" 315
"../../../Engine/Content/EditorMaterials/PhAT_UnselectedMaterial.uexp" 316
"../../../Engine/Content/EditorMaterials/PreviewShadowIndicator.ubulk" 317
"../../../Engine/Content/EditorMaterials/PreviewShadowIndicator.uasset" 318
"../../../Engine/Content/EditorMaterials/PreviewShadowIndicator.uexp" 319
"../../../Engine/Content/EditorMaterials/PreviewShadowIndicatorMaterial.uasset" 320
"../../../Engine/Content/EditorMaterials/PreviewShadowIndicatorMaterial.uexp" 321
"../../../Engine/Content/EngineDebugMaterials/DebugEditorMaterial.uasset" 322
"../../../Engine/Content/EngineDebugMaterials/DebugEditorMaterial.uexp" 323
"../../../Engine/Content/EngineDebugMaterials/DebugMeshMaterial.uasset" 324
"../../../Engine/Content/EngineDebugMaterials/DebugMeshMaterial.uexp" 325
"../../../Engine/Content/EngineDebugMaterials/M_SimpleUnlitTranslucent.uasset" 326
"../../../Engine/Content/EngineDebugMaterials/M_SimpleUnlitTranslucent.uexp" 327
"../../../Engine/Content/Functions/Engine_MaterialFunctions02/Utility/CameraDirectionVector.uasset" 328
"../../../Engine/Content/Functions/Engine_MaterialFunctions02/Utility/CameraDirectionVector.uexp" 329
"../../../Engine/Content/EngineDebugMaterials/VolumeToRender.uasset" 330
"../../../Engine/Content/EngineDebugMaterials/VolumeToRender.uexp" 331
"../../../Engine/Content/EngineDebugMaterials/M_VolumeRenderSphereTracePP.uasset" 332
"../../../Engine/Content/EngineDebugMaterials/M_VolumeRenderSphereTracePP.uexp" 333
"../../../Engine/Content/EngineMaterials/DefaultDiffuse.ubulk" 334
"../../../Engine/Content/EngineMaterials/DefaultDiffuse.uasset" 335
"../../../Engine/Content/EngineMaterials/DefaultDiffuse.uexp" 336
"../../../Engine/Content/EngineMaterials/DefaultDeferredDecalMaterial.uasset" 337
"../../../Engine/Content/EngineMaterials/DefaultDeferredDecalMaterial.uexp" 338
"../../../Engine/Content/EngineMaterials/DefaultLightFunctionMaterial.uasset" 339
"../../../Engine/Content/EngineMaterials/DefaultLightFunctionMaterial.uexp" 340
"../../../Engine/Content/Functions/Engine_MaterialFunctions02/Utility/BreakOutFloat2Components.uasset" 341
"../../../Engine/Content/Functions/Engine_MaterialFunctions02/Utility/BreakOutFloat2Components.uexp" 342
"../../../Engine/Content/EngineMaterials/DefaultPostProcessMaterial.uasset" 343
"../../../Engine/Content/EngineMaterials/DefaultPostProcessMaterial.uexp" 344
"../../../Engine/Content/EngineFonts/RobotoDistanceField.uasset" 345
"../../../Engine/Content/EngineFonts/RobotoDistanceField.uexp" 346
"../../../Engine/Content/EngineMaterials/DefaultTextMaterialOpaque.uasset" 347
"../../../Engine/Content/EngineMaterials/DefaultTextMaterialOpaque.uexp" 348
"../../../Engine/Content/EngineMaterials/DefaultWhiteGrid_Low.uasset" 349
"../../../Engine/Content/EngineMaterials/DefaultWhiteGrid_Low.uexp" 350
"../../../Engine/Content/EngineMaterials/EmissiveMeshMaterial.uasset" 351
"../../../Engine/Content/EngineMaterials/EmissiveMeshMaterial.uexp" 352
"../../../Engine/Content/EngineMaterials/BaseFlattenNormalMap.uasset" 353
"../../../Engine/Content/EngineMaterials/BaseFlattenNormalMap.uexp" 354
"../../../Engine/Content/EngineMaterials/BaseFlattenGrayscaleMap.uasset" 355
"../../../Engine/Content/EngineMaterials/BaseFlattenGrayscaleMap.uexp" 356
"../../../Engine/Content/EngineMaterials/BaseFlattenDiffuseMap.uasset" 357
"../../../Engine/Content/EngineMaterials/BaseFlattenDiffuseMap.uexp" 358
"../../../Engine/Content/Functions/Engine_MaterialFunctions02/PivotPainter2/Black_1x1_EXR_Texture.uasset" 359
"../../../Engine/Content/Functions/Engine_MaterialFunctions02/PivotPainter2/Black_1x1_EXR_Texture.uexp" 360
"../../../Engine/Content/EngineMaterials/BaseFlattenEmissiveMap.uasset" 361
"../../../Engine/Content/EngineMaterials/BaseFlattenEmissiveMap.uexp" 362
"../../../Engine/Content/EngineMaterials/BaseFlattenLinearColor.uasset" 363
"../../../Engine/Content/EngineMaterials/BaseFlattenLinearColor.uexp" 364
"../../../Engine/Content/EngineMaterials/FlattenMaterial.uasset" 365
"../../../Engine/Content/EngineMaterials/FlattenMaterial.uexp" 366
"../../../Engine/Content/EngineMaterials/BaseFlattenEmissiveMap_VT.uasset" 367
"../../../Engine/Content/EngineMaterials/BaseFlattenEmissiveMap_VT.uexp" 368
"../../../Engine/Content/EngineMaterials/BaseFlattenGrayscaleMap_VT.uasset" 369
"../../../Engine/Content/EngineMaterials/BaseFlattenGrayscaleMap_VT.uexp" 370
"../../../Engine/Content/EngineMaterials/BaseFlattenLinearColor_VT.uasset" 371
"../../../Engine/Content/EngineMaterials/BaseFlattenLinearColor_VT.uexp" 372
"../../../Engine/Content/EngineMaterials/Black_1x1_EXR_Texture_VT.uasset" 373
"../../../Engine/Content/EngineMaterials/Black_1x1_EXR_Texture_VT.uexp" 374
"../../../Engine/Content/EngineMaterials/BaseFlattenDiffuseMap_VT.uasset" 375
"../../../Engine/Content/EngineMaterials/BaseFlattenDiffuseMap_VT.uexp" 376
"../../../Engine/Content/EngineMaterials/BaseFlattenNormalMap_VT.uasset" 377
"../../../Engine/Content/EngineMaterials/BaseFlattenNormalMap_VT.uexp" 378
"../../../Engine/Content/EngineMaterials/FlattenMaterial_VT.uasset" 379
"../../../Engine/Content/EngineMaterials/FlattenMaterial_VT.uexp" 380
"../../../Engine/Content/EngineMaterials/FlattenMaterial_WS_Normal_VT.uasset" 381
"../../../Engine/Content/EngineMaterials/FlattenMaterial_WS_Normal_VT.uexp" 382
"../../../Engine/Content/EngineMaterials/GizmoMaterial.uasset" 383
"../../../Engine/Content/EngineMaterials/GizmoMaterial.uexp" 384
"../../../Engine/Content/EngineMaterials/InvalidLightmapSettings.ubulk" 385
"../../../Engine/Content/EngineMaterials/InvalidLightmapSettings.uasset" 386
"../../../Engine/Content/EngineMaterials/InvalidLightmapSettings.uexp" 387
"../../../Engine/Content/EngineMaterials/M_InvalidLightmapSettings.uasset" 388
"../../../Engine/Content/EngineMaterials/M_InvalidLightmapSettings.uexp" 389
"../../../Engine/Content/EngineMaterials/NaniteHiddenSectionMaterial.uasset" 390
"../../../Engine/Content/EngineMaterials/NaniteHiddenSectionMaterial.uexp" 391
"../../../Engine/Content/Functions/Engine_MaterialFunctions02/WorldPositionOffset/CameraOffset.uasset" 392
"../../../Engine/Content/Functions/Engine_MaterialFunctions02/WorldPositionOffset/CameraOffset.uexp" 393
"../../../Engine/Content/EngineMaterials/PhAT_JointLimitMaterial.uasset" 394
"../../../Engine/Content/EngineMaterials/PhAT_JointLimitMaterial.uexp" 395
"../../../Engine/Content/EngineMaterials/DefaultCalibrationColor.uasset" 396
"../../../Engine/Content/EngineMaterials/DefaultCalibrationColor.uexp" 397
"../../../Engine/Content/EngineMaterials/PPM_DefaultCalibrationColor.uasset" 398
"../../../Engine/Content/EngineMaterials/PPM_DefaultCalibrationColor.uexp" 399
"../../../Engine/Content/EngineMaterials/DefaultCalibrationGrayscale.uasset" 400
"../../../Engine/Content/EngineMaterials/DefaultCalibrationGrayscale.uexp" 401
"../../../Engine/Content/EngineMaterials/PPM_DefaultCalibrationGrayscale.uasset" 402
"../../../Engine/Content/EngineMaterials/PPM_DefaultCalibrationGrayscale.uexp" 403
"../../../Engine/Content/EngineMaterials/RemoveSurfaceMaterial.uasset" 404
"../../../Engine/Content/EngineMaterials/RemoveSurfaceMaterial.uexp" 405
"../../../Engine/Plugins/Animation/ControlRig/Content/M_Manip.uasset" 406
"../../../Engine/Plugins/Animation/ControlRig/Content/M_Manip.uexp" 407
"../../../Engine/Content/EngineMeshes/Sphere.ubulk" 408
"../../../Engine/Content/EngineMeshes/Sphere.uasset" 409
"../../../Engine/Content/EngineMeshes/Sphere.uexp" 410
"../../../Engine/Content/VREditor/TransformGizmo/Main.uasset" 411
"../../../Engine/Content/VREditor/TransformGizmo/Main.uexp" 412
"../../../Engine/Content/VREditor/TransformGizmo/Xray.uasset" 413
"../../../Engine/Content/VREditor/TransformGizmo/Xray.uexp" 414
"../../../Engine/Content/VREditor/TransformGizmo/SM_Sequencer_Node.ubulk" 415
"../../../Engine/Content/VREditor/TransformGizmo/SM_Sequencer_Node.uasset" 416
"../../../Engine/Content/VREditor/TransformGizmo/SM_Sequencer_Node.uexp" 417
"../../../Engine/Content/ArtTools/RenderToTexture/Meshes/S_1_Unit_Plane.ubulk" 418
"../../../Engine/Content/ArtTools/RenderToTexture/Meshes/S_1_Unit_Plane.uasset" 419
"../../../Engine/Content/ArtTools/RenderToTexture/Meshes/S_1_Unit_Plane.uexp" 420
"../../../Engine/Content/EngineMaterials/Substrate/GLints2/AGlintTex2dArray2.uasset" 421
"../../../Engine/Content/EngineMaterials/Substrate/GLints2/AGlintTex2dArray2.uexp" 422
"../../../Engine/Content/EditorMaterials/Camera/CineMat.uasset" 423
"../../../Engine/Content/EditorMaterials/Camera/CineMat.uexp" 424
"../../../Engine/Content/EditorMaterials/Camera/MI_CineMat_Rig.uasset" 425
"../../../Engine/Content/EditorMaterials/Camera/MI_CineMat_Rig.uexp" 426
"../../../Engine/Content/EditorMeshes/Camera/SM_CraneRig_Arm.ubulk" 427
"../../../Engine/Content/EditorMeshes/Camera/SM_CraneRig_Arm.uasset" 428
"../../../Engine/Content/EditorMeshes/Camera/SM_CraneRig_Arm.uexp" 429
"../../../Engine/Content/EditorMeshes/Camera/SM_CraneRig_Base.ubulk" 430
"../../../Engine/Content/EditorMeshes/Camera/SM_CraneRig_Base.uasset" 431
"../../../Engine/Content/EditorMeshes/Camera/SM_CraneRig_Base.uexp" 432
"../../../Engine/Content/EditorMeshes/Camera/SM_CraneRig_Body.ubulk" 433
"../../../Engine/Content/EditorMeshes/Camera/SM_CraneRig_Body.uasset" 434
"../../../Engine/Content/EditorMeshes/Camera/SM_CraneRig_Body.uexp" 435
"../../../Engine/Content/EditorMeshes/Camera/SM_CraneRig_Mount.ubulk" 436
"../../../Engine/Content/EditorMeshes/Camera/SM_CraneRig_Mount.uasset" 437
"../../../Engine/Content/EditorMeshes/Camera/SM_CraneRig_Mount.uexp" 438
"../../../Engine/Content/EditorMeshes/Camera/SM_RailRig_Mount.ubulk" 439
"../../../Engine/Content/EditorMeshes/Camera/SM_RailRig_Mount.uasset" 440
"../../../Engine/Content/EditorMeshes/Camera/SM_RailRig_Mount.uexp" 441
"../../../Engine/Content/EditorMeshes/Camera/SM_RailRig_Track.ubulk" 442
"../../../Engine/Content/EditorMeshes/Camera/SM_RailRig_Track.uasset" 443
"../../../Engine/Content/EditorMeshes/Camera/SM_RailRig_Track.uexp" 444
"../../../Engine/Content/EngineSky/VolumetricClouds/T_CloudMask.ubulk" 445
"../../../Engine/Content/EngineSky/VolumetricClouds/T_CloudMask.uasset" 446
"../../../Engine/Content/EngineSky/VolumetricClouds/T_CloudMask.uexp" 447
"../../../Engine/Content/EngineSky/VolumetricClouds/VT_Lightning.uasset" 448
"../../../Engine/Content/EngineSky/VolumetricClouds/VT_Lightning.uexp" 449
"../../../Engine/Content/EngineSky/VolumetricClouds/T_Profile_08.ubulk" 450
"../../../Engine/Content/EngineSky/VolumetricClouds/T_Profile_08.uasset" 451
"../../../Engine/Content/EngineSky/VolumetricClouds/T_Profile_08.uexp" 452
"../../../Engine/Content/Functions/Engine_MaterialFunctions02/Utility/MakeFloat4.uasset" 453
"../../../Engine/Content/Functions/Engine_MaterialFunctions02/Utility/MakeFloat4.uexp" 454
"../../../Engine/Content/Functions/Engine_MaterialFunctions01/Units/Km-to-Cm.uasset" 455
"../../../Engine/Content/Functions/Engine_MaterialFunctions01/Units/Km-to-Cm.uexp" 456
"../../../Engine/Content/Functions/Engine_MaterialFunctions02/Utility/BreakOutFloat4Components.uasset" 457
"../../../Engine/Content/Functions/Engine_MaterialFunctions02/Utility/BreakOutFloat4Components.uexp" 458
"../../../Engine/Content/EngineSky/VolumetricClouds/T_CloudPattern.ubulk" 459
"../../../Engine/Content/EngineSky/VolumetricClouds/T_CloudPattern.uasset" 460
"../../../Engine/Content/EngineSky/VolumetricClouds/T_CloudPattern.uexp" 461
"../../../Engine/Content/EngineSky/VolumetricClouds/VT_PerlinWorley_Balanced.uasset" 462
"../../../Engine/Content/EngineSky/VolumetricClouds/VT_PerlinWorley_Balanced.uexp" 463
"../../../Engine/Content/EngineSky/VolumetricClouds/m_SimpleVolumetricCloud.uasset" 464
"../../../Engine/Content/EngineSky/VolumetricClouds/m_SimpleVolumetricCloud.uexp" 465
"../../../Engine/Content/EngineSky/VolumetricClouds/m_SimpleVolumetricCloud_Inst.uasset" 466
"../../../Engine/Content/EngineSky/VolumetricClouds/m_SimpleVolumetricCloud_Inst.uexp" 467
"../../../Engine/Content/VREditor/LaserPointer/VR_LaserPower_01.ubulk" 468
"../../../Engine/Content/VREditor/LaserPointer/VR_LaserPower_01.uasset" 469
"../../../Engine/Content/VREditor/LaserPointer/VR_LaserPower_01.uexp" 470
"../../../Engine/Content/VREditor/TransformGizmo/TransformGizmoMaterial.uasset" 471
"../../../Engine/Content/VREditor/TransformGizmo/TransformGizmoMaterial.uexp" 472
"../../../Engine/Content/VREditor/TransformGizmo/TranslucentTransformGizmoMaterial.uasset" 473
"../../../Engine/Content/VREditor/TransformGizmo/TranslucentTransformGizmoMaterial.uexp" 474
"../../../Engine/Content/VREditor/TransformGizmo/BoundingBoxCorner.ubulk" 475
"../../../Engine/Content/VREditor/TransformGizmo/BoundingBoxCorner.uasset" 476
"../../../Engine/Content/VREditor/TransformGizmo/BoundingBoxCorner.uexp" 477
"../../../Engine/Content/VREditor/TransformGizmo/BoundingBoxEdge.ubulk" 478
"../../../Engine/Content/VREditor/TransformGizmo/BoundingBoxEdge.uasset" 479
"../../../Engine/Content/VREditor/TransformGizmo/BoundingBoxEdge.uexp" 480
"../../../Engine/Content/Functions/Engine_MaterialFunctions02/Math/Transform3x3Matrix.uasset" 481
"../../../Engine/Content/Functions/Engine_MaterialFunctions02/Math/Transform3x3Matrix.uexp" 482
"../../../Engine/Plugins/Interchange/Assets/Content/gltf/Textures/T_White_srgb.uasset" 483
"../../../Engine/Plugins/Interchange/Assets/Content/gltf/Textures/T_White_srgb.uexp" 484
"../../../Engine/Plugins/Interchange/Assets/Content/gltf/MaterialFunctions/MF_Specular.uasset" 485
"../../../Engine/Plugins/Interchange/Assets/Content/gltf/MaterialFunctions/MF_Specular.uexp" 486
"../../../Engine/Plugins/Interchange/Assets/Content/gltf/Textures/T_Anisotropy_Direction_Linear.uasset" 487
"../../../Engine/Plugins/Interchange/Assets/Content/gltf/Textures/T_Anisotropy_Direction_Linear.uexp" 488
"../../../Engine/Plugins/Interchange/Assets/Content/gltf/MaterialFunctions/MF_SpecularAnisotropy.uasset" 489
"../../../Engine/Plugins/Interchange/Assets/Content/gltf/MaterialFunctions/MF_SpecularAnisotropy.uexp" 490
"../../../Engine/Plugins/Interchange/Assets/Content/gltf/Textures/T_White_Linear.uasset" 491
"../../../Engine/Plugins/Interchange/Assets/Content/gltf/Textures/T_White_Linear.uexp" 492
"../../../Engine/Plugins/Interchange/Assets/Content/gltf/MaterialFunctions/MF_MetallicRoughness.uasset" 493
"../../../Engine/Plugins/Interchange/Assets/Content/gltf/MaterialFunctions/MF_MetallicRoughness.uexp" 494
"../../../Engine/Plugins/Interchange/Assets/Content/gltf/Textures/T_Generic_N.uasset" 495
"../../../Engine/Plugins/Interchange/Assets/Content/gltf/Textures/T_Generic_N.uexp" 496
"../../../Engine/Plugins/Interchange/Assets/Content/gltf/MaterialFunctions/MF_ScaleNormal.uasset" 497
"../../../Engine/Plugins/Interchange/Assets/Content/gltf/MaterialFunctions/MF_ScaleNormal.uexp" 498
"../../../Engine/Plugins/Interchange/Assets/Content/gltf/MaterialFunctions/MF_BaseColor.uasset" 499
"../../../Engine/Plugins/Interchange/Assets/Content/gltf/MaterialFunctions/MF_BaseColor.uexp" 500
"../../../Engine/Plugins/Interchange/Assets/Content/gltf/MaterialFunctions/MF_Iridescence.uasset" 501
"../../../Engine/Plugins/Interchange/Assets/Content/gltf/MaterialFunctions/MF_Iridescence.uexp" 502
"../../../Engine/Plugins/Interchange/Assets/Content/gltf/MaterialFunctions/MF_Occlusion.uasset" 503
"../../../Engine/Plugins/Interchange/Assets/Content/gltf/MaterialFunctions/MF_Occlusion.uexp" 504
"../../../Engine/Plugins/Interchange/Assets/Content/gltf/MaterialFunctions/MF_IOR.uasset" 505
"../../../Engine/Plugins/Interchange/Assets/Content/gltf/MaterialFunctions/MF_IOR.uexp" 506
"../../../Engine/Plugins/Interchange/Assets/Content/gltf/MaterialFunctions/MF_RotateV2.uasset" 507
"../../../Engine/Plugins/Interchange/Assets/Content/gltf/MaterialFunctions/MF_RotateV2.uexp" 508
"../../../Engine/Plugins/Interchange/Assets/Content/gltf/MaterialFunctions/MF_TransformUVs.uasset" 509
"../../../Engine/Plugins/Interchange/Assets/Content/gltf/MaterialFunctions/MF_TransformUVs.uexp" 510
"../../../Engine/Plugins/Interchange/Assets/Content/gltf/MaterialFunctions/MF_Emissive.uasset" 511
"../../../Engine/Plugins/Interchange/Assets/Content/gltf/MaterialFunctions/MF_Emissive.uexp" 512
"../../../Engine/Plugins/Interchange/Assets/Content/gltf/MaterialFunctions/MF_RotateNormals_TS.uasset" 513
"../../../Engine/Plugins/Interchange/Assets/Content/gltf/MaterialFunctions/MF_RotateNormals_TS.uexp" 514
"../../../Engine/Plugins/Interchange/Assets/Content/gltf/MaterialFunctions/MF_Normals.uasset" 515
"../../../Engine/Plugins/Interchange/Assets/Content/gltf/MaterialFunctions/MF_Normals.uexp" 516
"../../../Engine/Content/Functions/Engine_MaterialFunctions01/Texturing/FlattenNormal.uasset" 517
"../../../Engine/Content/Functions/Engine_MaterialFunctions01/Texturing/FlattenNormal.uexp" 518
"../../../Engine/Plugins/Interchange/Assets/Content/gltf/MaterialFunctions/MF_Clearcoat.uasset" 519
"../../../Engine/Plugins/Interchange/Assets/Content/gltf/MaterialFunctions/MF_Clearcoat.uexp" 520
"../../../Engine/Plugins/Interchange/Assets/Content/gltf/MaterialBodies/MF_ClearCoat_Body.uasset" 521
"../../../Engine/Plugins/Interchange/Assets/Content/gltf/MaterialBodies/MF_ClearCoat_Body.uexp" 522
"../../../Engine/Plugins/Interchange/Assets/Content/gltf/M_ClearCoat.uasset" 523
"../../../Engine/Plugins/Interchange/Assets/Content/gltf/M_ClearCoat.uexp" 524
"../../../Engine/Plugins/Interchange/Assets/Content/gltf/MaterialInstances/MI_ClearCoat_Blend.uasset" 525
"../../../Engine/Plugins/Interchange/Assets/Content/gltf/MaterialInstances/MI_ClearCoat_Blend.uexp" 526
"../../../Engine/Plugins/Interchange/Assets/Content/gltf/MaterialInstances/MI_ClearCoat_Blend_DS.uasset" 527
"../../../Engine/Plugins/Interchange/Assets/Content/gltf/MaterialInstances/MI_ClearCoat_Blend_DS.uexp" 528
"../../../Engine/Plugins/Interchange/Assets/Content/gltf/MaterialInstances/MI_ClearCoat_Mask.uasset" 529
"../../../Engine/Plugins/Interchange/Assets/Content/gltf/MaterialInstances/MI_ClearCoat_Mask.uexp" 530
"../../../Engine/Plugins/Interchange/Assets/Content/gltf/MaterialInstances/MI_ClearCoat_Mask_DS.uasset" 531
"../../../Engine/Plugins/Interchange/Assets/Content/gltf/MaterialInstances/MI_ClearCoat_Mask_DS.uexp" 532
"../../../Engine/Plugins/Interchange/Assets/Content/gltf/MaterialInstances/MI_ClearCoat_Opaque.uasset" 533
"../../../Engine/Plugins/Interchange/Assets/Content/gltf/MaterialInstances/MI_ClearCoat_Opaque.uexp" 534
"../../../Engine/Plugins/Interchange/Assets/Content/gltf/MaterialInstances/MI_ClearCoat_Opaque_DS.uasset" 535
"../../../Engine/Plugins/Interchange/Assets/Content/gltf/MaterialInstances/MI_ClearCoat_Opaque_DS.uexp" 536
"../../../Engine/Plugins/Interchange/Assets/Content/gltf/MaterialBodies/MF_Default_Body.uasset" 537
"../../../Engine/Plugins/Interchange/Assets/Content/gltf/MaterialBodies/MF_Default_Body.uexp" 538
"../../../Engine/Plugins/Interchange/Assets/Content/gltf/M_Default.uasset" 539
"../../../Engine/Plugins/Interchange/Assets/Content/gltf/M_Default.uexp" 540
"../../../Engine/Plugins/Interchange/Assets/Content/gltf/MaterialInstances/MI_Default_Blend.uasset" 541
"../../../Engine/Plugins/Interchange/Assets/Content/gltf/MaterialInstances/MI_Default_Blend.uexp" 542
"../../../Engine/Plugins/Interchange/Assets/Content/gltf/MaterialInstances/MI_Default_Blend_DS.uasset" 543
"../../../Engine/Plugins/Interchange/Assets/Content/gltf/MaterialInstances/MI_Default_Blend_DS.uexp" 544
"../../../Engine/Plugins/Interchange/Assets/Content/gltf/MaterialInstances/MI_Default_Mask.uasset" 545
"../../../Engine/Plugins/Interchange/Assets/Content/gltf/MaterialInstances/MI_Default_Mask.uexp" 546
"../../../Engine/Plugins/Interchange/Assets/Content/gltf/MaterialInstances/MI_Default_Mask_DS.uasset" 547
"../../../Engine/Plugins/Interchange/Assets/Content/gltf/MaterialInstances/MI_Default_Mask_DS.uexp" 548
"../../../Engine/Plugins/Interchange/Assets/Content/gltf/MaterialInstances/MI_Default_Opaque.uasset" 549
"../../../Engine/Plugins/Interchange/Assets/Content/gltf/MaterialInstances/MI_Default_Opaque.uexp" 550
"../../../Engine/Plugins/Interchange/Assets/Content/gltf/MaterialInstances/MI_Default_Opaque_DS.uasset" 551
"../../../Engine/Plugins/Interchange/Assets/Content/gltf/MaterialInstances/MI_Default_Opaque_DS.uexp" 552
"../../../Engine/Plugins/Interchange/Assets/Content/gltf/MaterialFunctions/MF_Sheen.uasset" 553
"../../../Engine/Plugins/Interchange/Assets/Content/gltf/MaterialFunctions/MF_Sheen.uexp" 554
"../../../Engine/Plugins/Interchange/Assets/Content/gltf/MaterialBodies/MF_Sheen_Body.uasset" 555
"../../../Engine/Plugins/Interchange/Assets/Content/gltf/MaterialBodies/MF_Sheen_Body.uexp" 556
"../../../Engine/Plugins/Interchange/Assets/Content/gltf/M_Sheen.uasset" 557
"../../../Engine/Plugins/Interchange/Assets/Content/gltf/M_Sheen.uexp" 558
"../../../Engine/Plugins/Interchange/Assets/Content/gltf/MaterialInstances/MI_Sheen_Blend.uasset" 559
"../../../Engine/Plugins/Interchange/Assets/Content/gltf/MaterialInstances/MI_Sheen_Blend.uexp" 560
"../../../Engine/Plugins/Interchange/Assets/Content/gltf/MaterialInstances/MI_Sheen_Blend_DS.uasset" 561
"../../../Engine/Plugins/Interchange/Assets/Content/gltf/MaterialInstances/MI_Sheen_Blend_DS.uexp" 562
"../../../Engine/Plugins/Interchange/Assets/Content/gltf/MaterialInstances/MI_Sheen_Mask.uasset" 563
"../../../Engine/Plugins/Interchange/Assets/Content/gltf/MaterialInstances/MI_Sheen_Mask.uexp" 564
"../../../Engine/Plugins/Interchange/Assets/Content/gltf/MaterialInstances/MI_Sheen_Mask_DS.uasset" 565
"../../../Engine/Plugins/Interchange/Assets/Content/gltf/MaterialInstances/MI_Sheen_Mask_DS.uexp" 566
"../../../Engine/Plugins/Interchange/Assets/Content/gltf/MaterialInstances/MI_Sheen_Opaque.uasset" 567
"../../../Engine/Plugins/Interchange/Assets/Content/gltf/MaterialInstances/MI_Sheen_Opaque.uexp" 568
"../../../Engine/Plugins/Interchange/Assets/Content/gltf/MaterialInstances/MI_Sheen_Opaque_DS.uasset" 569
"../../../Engine/Plugins/Interchange/Assets/Content/gltf/MaterialInstances/MI_Sheen_Opaque_DS.uexp" 570
"../../../Engine/Content/Functions/Engine_MaterialFunctions02/Math/AddComponents.uasset" 571
"../../../Engine/Content/Functions/Engine_MaterialFunctions02/Math/AddComponents.uexp" 572
"../../../Engine/Plugins/Interchange/Assets/Content/gltf/MaterialFunctions/MF_DiffuseSpecGloss.uasset" 573
"../../../Engine/Plugins/Interchange/Assets/Content/gltf/MaterialFunctions/MF_DiffuseSpecGloss.uexp" 574
"../../../Engine/Plugins/Interchange/Assets/Content/gltf/MaterialFunctions/MF_PerceivedBrightness.uasset" 575
"../../../Engine/Plugins/Interchange/Assets/Content/gltf/MaterialFunctions/MF_PerceivedBrightness.uexp" 576
"../../../Engine/Plugins/Interchange/Assets/Content/gltf/MaterialFunctions/MF_SpecGlossToMetalRoughness.uasset" 577
"../../../Engine/Plugins/Interchange/Assets/Content/gltf/MaterialFunctions/MF_SpecGlossToMetalRoughness.uexp" 578
"../../../Engine/Plugins/Interchange/Assets/Content/gltf/MaterialFunctions/MF_MaxComponentValue.uasset" 579
"../../../Engine/Plugins/Interchange/Assets/Content/gltf/MaterialFunctions/MF_MaxComponentValue.uexp" 580
"../../../Engine/Plugins/Interchange/Assets/Content/gltf/MaterialBodies/MF_SpecularGlossiness_Body.uasset" 581
"../../../Engine/Plugins/Interchange/Assets/Content/gltf/MaterialBodies/MF_SpecularGlossiness_Body.uexp" 582
"../../../Engine/Plugins/Interchange/Assets/Content/gltf/M_SpecularGlossiness.uasset" 583
"../../../Engine/Plugins/Interchange/Assets/Content/gltf/M_SpecularGlossiness.uexp" 584
"../../../Engine/Plugins/Interchange/Assets/Content/gltf/MaterialInstances/MI_SpecularGlossiness_Blend.uasset" 585
"../../../Engine/Plugins/Interchange/Assets/Content/gltf/MaterialInstances/MI_SpecularGlossiness_Blend.uexp" 586
"../../../Engine/Plugins/Interchange/Assets/Content/gltf/MaterialInstances/MI_SpecularGlossiness_Blend_DS.uasset" 587
"../../../Engine/Plugins/Interchange/Assets/Content/gltf/MaterialInstances/MI_SpecularGlossiness_Blend_DS.uexp" 588
"../../../Engine/Plugins/Interchange/Assets/Content/gltf/MaterialInstances/MI_SpecularGlossiness_Mask.uasset" 589
"../../../Engine/Plugins/Interchange/Assets/Content/gltf/MaterialInstances/MI_SpecularGlossiness_Mask.uexp" 590
"../../../Engine/Plugins/Interchange/Assets/Content/gltf/MaterialInstances/MI_SpecularGlossiness_Mask_DS.uasset" 591
"../../../Engine/Plugins/Interchange/Assets/Content/gltf/MaterialInstances/MI_SpecularGlossiness_Mask_DS.uexp" 592
"../../../Engine/Plugins/Interchange/Assets/Content/gltf/MaterialInstances/MI_SpecularGlossiness_Opaque.uasset" 593
"../../../Engine/Plugins/Interchange/Assets/Content/gltf/MaterialInstances/MI_SpecularGlossiness_Opaque.uexp" 594
"../../../Engine/Plugins/Interchange/Assets/Content/gltf/MaterialInstances/MI_SpecularGlossiness_Opaque_DS.uasset" 595
"../../../Engine/Plugins/Interchange/Assets/Content/gltf/MaterialInstances/MI_SpecularGlossiness_Opaque_DS.uexp" 596
"../../../Engine/Content/EngineMaterials/Good64x64TilingNoiseHighFreq.uasset" 597
"../../../Engine/Content/EngineMaterials/Good64x64TilingNoiseHighFreq.uexp" 598
"../../../Engine/Content/Functions/Engine_MaterialFunctions02/Texturing/ScreenAlignedPixelToPixelUVs.uasset" 599
"../../../Engine/Content/Functions/Engine_MaterialFunctions02/Texturing/ScreenAlignedPixelToPixelUVs.uexp" 600
"../../../Engine/Plugins/Interchange/Assets/Content/gltf/MaterialFunctions/MF_Temporal_Blur.uasset" 601
"../../../Engine/Plugins/Interchange/Assets/Content/gltf/MaterialFunctions/MF_Temporal_Blur.uexp" 602
"../../../Engine/Plugins/Interchange/Assets/Content/gltf/MaterialFunctions/MF_Fresnel_DS.uasset" 603
"../../../Engine/Plugins/Interchange/Assets/Content/gltf/MaterialFunctions/MF_Fresnel_DS.uexp" 604
"../../../Engine/Plugins/Interchange/Assets/Content/gltf/MaterialFunctions/MF_Transmission.uasset" 605
"../../../Engine/Plugins/Interchange/Assets/Content/gltf/MaterialFunctions/MF_Transmission.uexp" 606
"../../../Engine/Plugins/Interchange/Assets/Content/gltf/MaterialBodies/MF_Transmission_Body.uasset" 607
"../../../Engine/Plugins/Interchange/Assets/Content/gltf/MaterialBodies/MF_Transmission_Body.uexp" 608
"../../../Engine/Plugins/Interchange/Assets/Content/gltf/M_Transmission.uasset" 609
"../../../Engine/Plugins/Interchange/Assets/Content/gltf/M_Transmission.uexp" 610
"../../../Engine/Plugins/Interchange/Assets/Content/gltf/MaterialInstances/MI_Transmission.uasset" 611
"../../../Engine/Plugins/Interchange/Assets/Content/gltf/MaterialInstances/MI_Transmission.uexp" 612
"../../../Engine/Plugins/Interchange/Assets/Content/gltf/MaterialInstances/MI_Transmission_DS.uasset" 613
"../../../Engine/Plugins/Interchange/Assets/Content/gltf/MaterialInstances/MI_Transmission_DS.uexp" 614
"../../../Engine/Plugins/Interchange/Assets/Content/gltf/MaterialBodies/MF_Unlit_Body.uasset" 615
"../../../Engine/Plugins/Interchange/Assets/Content/gltf/MaterialBodies/MF_Unlit_Body.uexp" 616
"../../../Engine/Plugins/Interchange/Assets/Content/gltf/M_Unlit.uasset" 617
"../../../Engine/Plugins/Interchange/Assets/Content/gltf/M_Unlit.uexp" 618
"../../../Engine/Plugins/Interchange/Assets/Content/gltf/MaterialInstances/MI_Unlit_Blend.uasset" 619
"../../../Engine/Plugins/Interchange/Assets/Content/gltf/MaterialInstances/MI_Unlit_Blend.uexp" 620
"../../../Engine/Plugins/Interchange/Assets/Content/gltf/MaterialInstances/MI_Unlit_Blend_DS.uasset" 621
"../../../Engine/Plugins/Interchange/Assets/Content/gltf/MaterialInstances/MI_Unlit_Blend_DS.uexp" 622
"../../../Engine/Plugins/Interchange/Assets/Content/gltf/MaterialInstances/MI_Unlit_Mask.uasset" 623
"../../../Engine/Plugins/Interchange/Assets/Content/gltf/MaterialInstances/MI_Unlit_Mask.uexp" 624
"../../../Engine/Plugins/Interchange/Assets/Content/gltf/MaterialInstances/MI_Unlit_Mask_DS.uasset" 625
"../../../Engine/Plugins/Interchange/Assets/Content/gltf/MaterialInstances/MI_Unlit_Mask_DS.uexp" 626
"../../../Engine/Plugins/Interchange/Assets/Content/gltf/MaterialInstances/MI_Unlit_Opaque.uasset" 627
"../../../Engine/Plugins/Interchange/Assets/Content/gltf/MaterialInstances/MI_Unlit_Opaque.uexp" 628
"../../../Engine/Plugins/Interchange/Assets/Content/gltf/MaterialInstances/MI_Unlit_Opaque_DS.uasset" 629
"../../../Engine/Plugins/Interchange/Assets/Content/gltf/MaterialInstances/MI_Unlit_Opaque_DS.uexp" 630
"../../../Engine/Plugins/Animation/ControlRig/Content/Controls/ControlRig_Arrow2_1mm.ubulk" 631
"../../../Engine/Plugins/Animation/ControlRig/Content/Controls/ControlRig_Arrow2_1mm.uasset" 632
"../../../Engine/Plugins/Animation/ControlRig/Content/Controls/ControlRig_Arrow2_1mm.uexp" 633
"../../../Engine/Plugins/Animation/ControlRig/Content/Controls/ControlRig_Arrow2_3mm.ubulk" 634
"../../../Engine/Plugins/Animation/ControlRig/Content/Controls/ControlRig_Arrow2_3mm.uasset" 635
"../../../Engine/Plugins/Animation/ControlRig/Content/Controls/ControlRig_Arrow2_3mm.uexp" 636
"../../../Engine/Plugins/Animation/ControlRig/Content/Controls/ControlRig_Arrow2_solid.ubulk" 637
"../../../Engine/Plugins/Animation/ControlRig/Content/Controls/ControlRig_Arrow2_solid.uasset" 638
"../../../Engine/Plugins/Animation/ControlRig/Content/Controls/ControlRig_Arrow2_solid.uexp" 639
"../../../Engine/Plugins/Animation/ControlRig/Content/Controls/ControlRig_Arrow4_1mm.ubulk" 640
"../../../Engine/Plugins/Animation/ControlRig/Content/Controls/ControlRig_Arrow4_1mm.uasset" 641
"../../../Engine/Plugins/Animation/ControlRig/Content/Controls/ControlRig_Arrow4_1mm.uexp" 642
"../../../Engine/Plugins/Animation/ControlRig/Content/Controls/ControlRig_Arrow4_3mm.ubulk" 643
"../../../Engine/Plugins/Animation/ControlRig/Content/Controls/ControlRig_Arrow4_3mm.uasset" 644
"../../../Engine/Plugins/Animation/ControlRig/Content/Controls/ControlRig_Arrow4_3mm.uexp" 645
"../../../Engine/Plugins/Animation/ControlRig/Content/Controls/ControlRig_Arrow4_solid.ubulk" 646
"../../../Engine/Plugins/Animation/ControlRig/Content/Controls/ControlRig_Arrow4_solid.uasset" 647
"../../../Engine/Plugins/Animation/ControlRig/Content/Controls/ControlRig_Arrow4_solid.uexp" 648
"../../../Engine/Plugins/Animation/ControlRig/Content/Controls/ControlRig_Arrow_1mm.ubulk" 649
"../../../Engine/Plugins/Animation/ControlRig/Content/Controls/ControlRig_Arrow_1mm.uasset" 650
"../../../Engine/Plugins/Animation/ControlRig/Content/Controls/ControlRig_Arrow_1mm.uexp" 651
"../../../Engine/Plugins/Animation/ControlRig/Content/Controls/ControlRig_Arrow_3mm.ubulk" 652
"../../../Engine/Plugins/Animation/ControlRig/Content/Controls/ControlRig_Arrow_3mm.uasset" 653
"../../../Engine/Plugins/Animation/ControlRig/Content/Controls/ControlRig_Arrow_3mm.uexp" 654
"../../../Engine/Plugins/Animation/ControlRig/Content/Controls/ControlRig_Arrow_solid.ubulk" 655
"../../../Engine/Plugins/Animation/ControlRig/Content/Controls/ControlRig_Arrow_solid.uasset" 656
"../../../Engine/Plugins/Animation/ControlRig/Content/Controls/ControlRig_Arrow_solid.uexp" 657
"../../../Engine/Plugins/Animation/ControlRig/Content/Controls/ControlRig_Box_1mm.ubulk" 658
"../../../Engine/Plugins/Animation/ControlRig/Content/Controls/ControlRig_Box_1mm.uasset" 659
"../../../Engine/Plugins/Animation/ControlRig/Content/Controls/ControlRig_Box_1mm.uexp" 660
"../../../Engine/Plugins/Animation/ControlRig/Content/Controls/ControlRig_Box_3mm.ubulk" 661
"../../../Engine/Plugins/Animation/ControlRig/Content/Controls/ControlRig_Box_3mm.uasset" 662
"../../../Engine/Plugins/Animation/ControlRig/Content/Controls/ControlRig_Box_3mm.uexp" 663
"../../../Engine/Plugins/Animation/ControlRig/Content/Controls/ControlRig_Box_solid.ubulk" 664
"../../../Engine/Plugins/Animation/ControlRig/Content/Controls/ControlRig_Box_solid.uasset" 665
"../../../Engine/Plugins/Animation/ControlRig/Content/Controls/ControlRig_Box_solid.uexp" 666
"../../../Engine/Plugins/Animation/ControlRig/Content/Controls/ControlRig_Circle_1mm.ubulk" 667
"../../../Engine/Plugins/Animation/ControlRig/Content/Controls/ControlRig_Circle_1mm.uasset" 668
"../../../Engine/Plugins/Animation/ControlRig/Content/Controls/ControlRig_Circle_1mm.uexp" 669
"../../../Engine/Plugins/Animation/ControlRig/Content/Controls/ControlRig_Circle_3mm.ubulk" 670
"../../../Engine/Plugins/Animation/ControlRig/Content/Controls/ControlRig_Circle_3mm.uasset" 671
"../../../Engine/Plugins/Animation/ControlRig/Content/Controls/ControlRig_Circle_3mm.uexp" 672
"../../../Engine/Plugins/Animation/ControlRig/Content/Controls/ControlRig_Circle_solid.ubulk" 673
"../../../Engine/Plugins/Animation/ControlRig/Content/Controls/ControlRig_Circle_solid.uasset" 674
"../../../Engine/Plugins/Animation/ControlRig/Content/Controls/ControlRig_Circle_solid.uexp" 675
"../../../Engine/Plugins/Animation/ControlRig/Content/Controls/ControlRig_Diamond_1mm.ubulk" 676
"../../../Engine/Plugins/Animation/ControlRig/Content/Controls/ControlRig_Diamond_1mm.uasset" 677
"../../../Engine/Plugins/Animation/ControlRig/Content/Controls/ControlRig_Diamond_1mm.uexp" 678
"../../../Engine/Plugins/Animation/ControlRig/Content/Controls/ControlRig_Diamond_3mm.ubulk" 679
"../../../Engine/Plugins/Animation/ControlRig/Content/Controls/ControlRig_Diamond_3mm.uasset" 680
"../../../Engine/Plugins/Animation/ControlRig/Content/Controls/ControlRig_Diamond_3mm.uexp" 681
"../../../Engine/Plugins/Animation/ControlRig/Content/Controls/ControlRig_Diamond_solid.ubulk" 682
"../../../Engine/Plugins/Animation/ControlRig/Content/Controls/ControlRig_Diamond_solid.uasset" 683
"../../../Engine/Plugins/Animation/ControlRig/Content/Controls/ControlRig_Diamond_solid.uexp" 684
"../../../Engine/Plugins/Animation/ControlRig/Content/Controls/ControlRig_HalfCircle_1mm.ubulk" 685
"../../../Engine/Plugins/Animation/ControlRig/Content/Controls/ControlRig_HalfCircle_1mm.uasset" 686
"../../../Engine/Plugins/Animation/ControlRig/Content/Controls/ControlRig_HalfCircle_1mm.uexp" 687
"../../../Engine/Plugins/Animation/ControlRig/Content/Controls/ControlRig_HalfCircle_3mm.ubulk" 688
"../../../Engine/Plugins/Animation/ControlRig/Content/Controls/ControlRig_HalfCircle_3mm.uasset" 689
"../../../Engine/Plugins/Animation/ControlRig/Content/Controls/ControlRig_HalfCircle_3mm.uexp" 690
"../../../Engine/Plugins/Animation/ControlRig/Content/Controls/ControlRig_HalfCircle_solid.ubulk" 691
"../../../Engine/Plugins/Animation/ControlRig/Content/Controls/ControlRig_HalfCircle_solid.uasset" 692
"../../../Engine/Plugins/Animation/ControlRig/Content/Controls/ControlRig_HalfCircle_solid.uexp" 693
"../../../Engine/Plugins/Animation/ControlRig/Content/Controls/ControlRig_Hexagon_1mm.ubulk" 694
"../../../Engine/Plugins/Animation/ControlRig/Content/Controls/ControlRig_Hexagon_1mm.uasset" 695
"../../../Engine/Plugins/Animation/ControlRig/Content/Controls/ControlRig_Hexagon_1mm.uexp" 696
"../../../Engine/Plugins/Animation/ControlRig/Content/Controls/ControlRig_Hexagon_3mm.ubulk" 697
"../../../Engine/Plugins/Animation/ControlRig/Content/Controls/ControlRig_Hexagon_3mm.uasset" 698
"../../../Engine/Plugins/Animation/ControlRig/Content/Controls/ControlRig_Hexagon_3mm.uexp" 699
"../../../Engine/Plugins/Animation/ControlRig/Content/Controls/ControlRig_Hexagon_solid.ubulk" 700
"../../../Engine/Plugins/Animation/ControlRig/Content/Controls/ControlRig_Hexagon_solid.uasset" 701
"../../../Engine/Plugins/Animation/ControlRig/Content/Controls/ControlRig_Hexagon_solid.uexp" 702
"../../../Engine/Plugins/Animation/ControlRig/Content/Controls/ControlRig_Octagon_1mm.ubulk" 703
"../../../Engine/Plugins/Animation/ControlRig/Content/Controls/ControlRig_Octagon_1mm.uasset" 704
"../../../Engine/Plugins/Animation/ControlRig/Content/Controls/ControlRig_Octagon_1mm.uexp" 705
"../../../Engine/Plugins/Animation/ControlRig/Content/Controls/ControlRig_Octagon_3mm.ubulk" 706
"../../../Engine/Plugins/Animation/ControlRig/Content/Controls/ControlRig_Octagon_3mm.uasset" 707
"../../../Engine/Plugins/Animation/ControlRig/Content/Controls/ControlRig_Octagon_3mm.uexp" 708
"../../../Engine/Plugins/Animation/ControlRig/Content/Controls/ControlRig_Octagon_solid.ubulk" 709
"../../../Engine/Plugins/Animation/ControlRig/Content/Controls/ControlRig_Octagon_solid.uasset" 710
"../../../Engine/Plugins/Animation/ControlRig/Content/Controls/ControlRig_Octagon_solid.uexp" 711
"../../../Engine/Plugins/Animation/ControlRig/Content/Controls/ControlRig_Pyramid_1mm.ubulk" 712
"../../../Engine/Plugins/Animation/ControlRig/Content/Controls/ControlRig_Pyramid_1mm.uasset" 713
"../../../Engine/Plugins/Animation/ControlRig/Content/Controls/ControlRig_Pyramid_1mm.uexp" 714
"../../../Engine/Plugins/Animation/ControlRig/Content/Controls/ControlRig_Pyramid_3mm.ubulk" 715
"../../../Engine/Plugins/Animation/ControlRig/Content/Controls/ControlRig_Pyramid_3mm.uasset" 716
"../../../Engine/Plugins/Animation/ControlRig/Content/Controls/ControlRig_Pyramid_3mm.uexp" 717
"../../../Engine/Plugins/Animation/ControlRig/Content/Controls/ControlRig_Pyramid_solid.ubulk" 718
"../../../Engine/Plugins/Animation/ControlRig/Content/Controls/ControlRig_Pyramid_solid.uasset" 719
"../../../Engine/Plugins/Animation/ControlRig/Content/Controls/ControlRig_Pyramid_solid.uexp" 720
"../../../Engine/Plugins/Animation/ControlRig/Content/Controls/ControlRig_QuarterCircle_1mm.ubulk" 721
"../../../Engine/Plugins/Animation/ControlRig/Content/Controls/ControlRig_QuarterCircle_1mm.uasset" 722
"../../../Engine/Plugins/Animation/ControlRig/Content/Controls/ControlRig_QuarterCircle_1mm.uexp" 723
"../../../Engine/Plugins/Animation/ControlRig/Content/Controls/ControlRig_QuarterCircle_3mm.ubulk" 724
"../../../Engine/Plugins/Animation/ControlRig/Content/Controls/ControlRig_QuarterCircle_3mm.uasset" 725
"../../../Engine/Plugins/Animation/ControlRig/Content/Controls/ControlRig_QuarterCircle_3mm.uexp" 726
"../../../Engine/Plugins/Animation/ControlRig/Content/Controls/ControlRig_QuarterCircle_solid.ubulk" 727
"../../../Engine/Plugins/Animation/ControlRig/Content/Controls/ControlRig_QuarterCircle_solid.uasset" 728
"../../../Engine/Plugins/Animation/ControlRig/Content/Controls/ControlRig_QuarterCircle_solid.uexp" 729
"../../../Engine/Plugins/Animation/ControlRig/Content/Controls/ControlRig_RoundedSquare_1mm.ubulk" 730
"../../../Engine/Plugins/Animation/ControlRig/Content/Controls/ControlRig_RoundedSquare_1mm.uasset" 731
"../../../Engine/Plugins/Animation/ControlRig/Content/Controls/ControlRig_RoundedSquare_1mm.uexp" 732
"../../../Engine/Plugins/Animation/ControlRig/Content/Controls/ControlRig_RoundedSquare_3mm.ubulk" 733
"../../../Engine/Plugins/Animation/ControlRig/Content/Controls/ControlRig_RoundedSquare_3mm.uasset" 734
"../../../Engine/Plugins/Animation/ControlRig/Content/Controls/ControlRig_RoundedSquare_3mm.uexp" 735
"../../../Engine/Plugins/Animation/ControlRig/Content/Controls/ControlRig_RoundedSquare_solid.ubulk" 736
"../../../Engine/Plugins/Animation/ControlRig/Content/Controls/ControlRig_RoundedSquare_solid.uasset" 737
"../../../Engine/Plugins/Animation/ControlRig/Content/Controls/ControlRig_RoundedSquare_solid.uexp" 738
"../../../Engine/Plugins/Animation/ControlRig/Content/Controls/ControlRig_RoundedTriangle_1mm.ubulk" 739
"../../../Engine/Plugins/Animation/ControlRig/Content/Controls/ControlRig_RoundedTriangle_1mm.uasset" 740
"../../../Engine/Plugins/Animation/ControlRig/Content/Controls/ControlRig_RoundedTriangle_1mm.uexp" 741
"../../../Engine/Plugins/Animation/ControlRig/Content/Controls/ControlRig_RoundedTriangle_3mm.ubulk" 742
"../../../Engine/Plugins/Animation/ControlRig/Content/Controls/ControlRig_RoundedTriangle_3mm.uasset" 743
"../../../Engine/Plugins/Animation/ControlRig/Content/Controls/ControlRig_RoundedTriangle_3mm.uexp" 744
"../../../Engine/Plugins/Animation/ControlRig/Content/Controls/ControlRig_RoundedTriangle_solid.ubulk" 745
"../../../Engine/Plugins/Animation/ControlRig/Content/Controls/ControlRig_RoundedTriangle_solid.uasset" 746
"../../../Engine/Plugins/Animation/ControlRig/Content/Controls/ControlRig_RoundedTriangle_solid.uexp" 747
"../../../Engine/Plugins/Animation/ControlRig/Content/Controls/ControlRig_Sphere_1mm.ubulk" 748
"../../../Engine/Plugins/Animation/ControlRig/Content/Controls/ControlRig_Sphere_1mm.uasset" 749
"../../../Engine/Plugins/Animation/ControlRig/Content/Controls/ControlRig_Sphere_1mm.uexp" 750
"../../../Engine/Plugins/Animation/ControlRig/Content/Controls/ControlRig_Sphere_3mm.ubulk" 751
"../../../Engine/Plugins/Animation/ControlRig/Content/Controls/ControlRig_Sphere_3mm.uasset" 752
"../../../Engine/Plugins/Animation/ControlRig/Content/Controls/ControlRig_Sphere_3mm.uexp" 753
"../../../Engine/Plugins/Animation/ControlRig/Content/Controls/ControlRig_Sphere_solid.ubulk" 754
"../../../Engine/Plugins/Animation/ControlRig/Content/Controls/ControlRig_Sphere_solid.uasset" 755
"../../../Engine/Plugins/Animation/ControlRig/Content/Controls/ControlRig_Sphere_solid.uexp" 756
"../../../Engine/Plugins/Animation/ControlRig/Content/Controls/ControlRig_Square_1mm.ubulk" 757
"../../../Engine/Plugins/Animation/ControlRig/Content/Controls/ControlRig_Square_1mm.uasset" 758
"../../../Engine/Plugins/Animation/ControlRig/Content/Controls/ControlRig_Square_1mm.uexp" 759
"../../../Engine/Plugins/Animation/ControlRig/Content/Controls/ControlRig_Square_3mm.ubulk" 760
"../../../Engine/Plugins/Animation/ControlRig/Content/Controls/ControlRig_Square_3mm.uasset" 761
"../../../Engine/Plugins/Animation/ControlRig/Content/Controls/ControlRig_Square_3mm.uexp" 762
"../../../Engine/Plugins/Animation/ControlRig/Content/Controls/ControlRig_Square_solid.ubulk" 763
"../../../Engine/Plugins/Animation/ControlRig/Content/Controls/ControlRig_Square_solid.uasset" 764
"../../../Engine/Plugins/Animation/ControlRig/Content/Controls/ControlRig_Square_solid.uexp" 765
"../../../Engine/Plugins/Animation/ControlRig/Content/Controls/ControlRig_Star4_1mm.ubulk" 766
"../../../Engine/Plugins/Animation/ControlRig/Content/Controls/ControlRig_Star4_1mm.uasset" 767
"../../../Engine/Plugins/Animation/ControlRig/Content/Controls/ControlRig_Star4_1mm.uexp" 768
"../../../Engine/Plugins/Animation/ControlRig/Content/Controls/ControlRig_Star4_3mm.ubulk" 769
"../../../Engine/Plugins/Animation/ControlRig/Content/Controls/ControlRig_Star4_3mm.uasset" 770
"../../../Engine/Plugins/Animation/ControlRig/Content/Controls/ControlRig_Star4_3mm.uexp" 771
"../../../Engine/Plugins/Animation/ControlRig/Content/Controls/ControlRig_Star4_solid.ubulk" 772
"../../../Engine/Plugins/Animation/ControlRig/Content/Controls/ControlRig_Star4_solid.uasset" 773
"../../../Engine/Plugins/Animation/ControlRig/Content/Controls/ControlRig_Star4_solid.uexp" 774
"../../../Engine/Plugins/Animation/ControlRig/Content/Controls/ControlRig_Triangle_1mm.ubulk" 775
"../../../Engine/Plugins/Animation/ControlRig/Content/Controls/ControlRig_Triangle_1mm.uasset" 776
"../../../Engine/Plugins/Animation/ControlRig/Content/Controls/ControlRig_Triangle_1mm.uexp" 777
"../../../Engine/Plugins/Animation/ControlRig/Content/Controls/ControlRig_Triangle_3mm.ubulk" 778
"../../../Engine/Plugins/Animation/ControlRig/Content/Controls/ControlRig_Triangle_3mm.uasset" 779
"../../../Engine/Plugins/Animation/ControlRig/Content/Controls/ControlRig_Triangle_3mm.uexp" 780
"../../../Engine/Plugins/Animation/ControlRig/Content/Controls/ControlRig_Triangle_solid.ubulk" 781
"../../../Engine/Plugins/Animation/ControlRig/Content/Controls/ControlRig_Triangle_solid.uasset" 782
"../../../Engine/Plugins/Animation/ControlRig/Content/Controls/ControlRig_Triangle_solid.uexp" 783
"../../../Engine/Plugins/Animation/ControlRig/Content/Controls/ControlRig_Wedge_1mm.ubulk" 784
"../../../Engine/Plugins/Animation/ControlRig/Content/Controls/ControlRig_Wedge_1mm.uasset" 785
"../../../Engine/Plugins/Animation/ControlRig/Content/Controls/ControlRig_Wedge_1mm.uexp" 786
"../../../Engine/Plugins/Animation/ControlRig/Content/Controls/ControlRig_Wedge_3mm.ubulk" 787
"../../../Engine/Plugins/Animation/ControlRig/Content/Controls/ControlRig_Wedge_3mm.uasset" 788
"../../../Engine/Plugins/Animation/ControlRig/Content/Controls/ControlRig_Wedge_3mm.uexp" 789
"../../../Engine/Plugins/Animation/ControlRig/Content/Controls/ControlRig_Wedge_solid.ubulk" 790
"../../../Engine/Plugins/Animation/ControlRig/Content/Controls/ControlRig_Wedge_solid.uasset" 791
"../../../Engine/Plugins/Animation/ControlRig/Content/Controls/ControlRig_Wedge_solid.uexp" 792
"../../../Engine/Content/Functions/Engine_MaterialFunctions02/Texturing/CustomRotator.uasset" 793
"../../../Engine/Content/Functions/Engine_MaterialFunctions02/Texturing/CustomRotator.uexp" 794
"../../../Engine/Content/Functions/Engine_MaterialFunctions01/Texturing/ScaleUVsByCenter.uasset" 795
"../../../Engine/Content/Functions/Engine_MaterialFunctions01/Texturing/ScaleUVsByCenter.uexp" 796
"../../../Engine/Content/Functions/Engine_MaterialFunctions01/Gradient/GeneratedRoundRect.uasset" 797
"../../../Engine/Content/Functions/Engine_MaterialFunctions01/Gradient/GeneratedRoundRect.uexp" 798
"../../../Engine/Content/Functions/Engine_MaterialFunctions01/Gradient/SphereGradient-2D.uasset" 799
"../../../Engine/Content/Functions/Engine_MaterialFunctions01/Gradient/SphereGradient-2D.uexp" 800
"../../../Engine/Plugins/Runtime/AudioWidgets/Content/AudioMaterialSlate/Functions/MF_DotOutlined.uasset" 801
"../../../Engine/Plugins/Runtime/AudioWidgets/Content/AudioMaterialSlate/Functions/MF_DotOutlined.uexp" 802
"../../../Engine/Plugins/Runtime/AudioWidgets/Content/AudioMaterialSlate/M_AudioMaterialEnvelope_ADSR.uasset" 803
"../../../Engine/Plugins/Runtime/AudioWidgets/Content/AudioMaterialSlate/M_AudioMaterialEnvelope_ADSR.uexp" 804
"../../../Engine/Plugins/Runtime/AudioWidgets/Content/AudioMaterialSlate/MI_AudioMaterialEnvelope_ADSR.uasset" 805
"../../../Engine/Plugins/Runtime/AudioWidgets/Content/AudioMaterialSlate/MI_AudioMaterialEnvelope_ADSR.uexp" 806
"../../../Engine/Plugins/Runtime/AudioWidgets/Content/AudioMaterialSlate/Functions/MF_SingleLine_Smooth.uasset" 807
"../../../Engine/Plugins/Runtime/AudioWidgets/Content/AudioMaterialSlate/Functions/MF_SingleLine_Smooth.uexp" 808
"../../../Engine/Plugins/Runtime/AudioWidgets/Content/AudioMaterialSlate/Functions/MF_AngleGradient.uasset" 809
"../../../Engine/Plugins/Runtime/AudioWidgets/Content/AudioMaterialSlate/Functions/MF_AngleGradient.uexp" 810
"../../../Engine/Content/Functions/Engine_MaterialFunctions02/Lerp_3Color.uasset" 811
"../../../Engine/Content/Functions/Engine_MaterialFunctions02/Lerp_3Color.uexp" 812
"../../../Engine/Plugins/Runtime/AudioWidgets/Content/AudioMaterialSlate/M_AudioMaterialKnob.uasset" 813
"../../../Engine/Plugins/Runtime/AudioWidgets/Content/AudioMaterialSlate/M_AudioMaterialKnob.uexp" 814
"../../../Engine/Plugins/Runtime/AudioWidgets/Content/AudioMaterialSlate/MI_AudioMaterialKnob.uasset" 815
"../../../Engine/Plugins/Runtime/AudioWidgets/Content/AudioMaterialSlate/MI_AudioMaterialKnob.uexp" 816
"../../../Engine/Plugins/Runtime/AudioWidgets/Content/AudioMaterialSlate/Functions/MF_Lines.uasset" 817
"../../../Engine/Plugins/Runtime/AudioWidgets/Content/AudioMaterialSlate/Functions/MF_Lines.uexp" 818
"../../../Engine/Plugins/Runtime/AudioWidgets/Content/AudioMaterialSlate/M_AudioMaterialMeter.uasset" 819
"../../../Engine/Plugins/Runtime/AudioWidgets/Content/AudioMaterialSlate/M_AudioMaterialMeter.uexp" 820
"../../../Engine/Plugins/Runtime/AudioWidgets/Content/AudioMaterialSlate/MI_AudioMaterialMeter.uasset" 821
"../../../Engine/Plugins/Runtime/AudioWidgets/Content/AudioMaterialSlate/MI_AudioMaterialMeter.uexp" 822
"../../../Engine/Plugins/Runtime/AudioWidgets/Content/AudioMaterialSlate/M_AudioMaterialRoundedSlider.uasset" 823
"../../../Engine/Plugins/Runtime/AudioWidgets/Content/AudioMaterialSlate/M_AudioMaterialRoundedSlider.uexp" 824
"../../../Engine/Plugins/Runtime/AudioWidgets/Content/AudioMaterialSlate/MI_AudioMaterialRoundedSlider.uasset" 825
"../../../Engine/Plugins/Runtime/AudioWidgets/Content/AudioMaterialSlate/MI_AudioMaterialRoundedSlider.uexp" 826
"../../../Engine/Plugins/Runtime/AudioWidgets/Content/AudioMaterialSlate/Functions/MF_SingleLine.uasset" 827
"../../../Engine/Plugins/Runtime/AudioWidgets/Content/AudioMaterialSlate/Functions/MF_SingleLine.uexp" 828
"../../../Engine/Plugins/Runtime/AudioWidgets/Content/AudioMaterialSlate/M_AudioMaterialToggleButton.uasset" 829
"../../../Engine/Plugins/Runtime/AudioWidgets/Content/AudioMaterialSlate/M_AudioMaterialToggleButton.uexp" 830
"../../../Engine/Plugins/Runtime/AudioWidgets/Content/AudioMaterialSlate/MI_AudioMaterialToggleButton.uasset" 831
"../../../Engine/Plugins/Runtime/AudioWidgets/Content/AudioMaterialSlate/MI_AudioMaterialToggleButton.uexp" 832
"../../../Engine/Content/EngineMaterials/DefaultMaterial.uasset" 833
"../../../Engine/Content/EngineMaterials/DefaultMaterial.uexp" 834
"../../../Engine/Content/BasicShapes/Cone.ubulk" 835
"../../../Engine/Content/BasicShapes/Cone.uasset" 836
"../../../Engine/Content/BasicShapes/Cone.uexp" 837
"../../../Engine/Content/BasicShapes/Cylinder.ubulk" 838
"../../../Engine/Content/BasicShapes/Cylinder.uasset" 839
"../../../Engine/Content/BasicShapes/Cylinder.uexp" 840
"../../../Engine/Content/BasicShapes/Plane.ubulk" 841
"../../../Engine/Content/BasicShapes/Plane.uasset" 842
"../../../Engine/Content/BasicShapes/Plane.uexp" 843
"../../../Engine/Content/BasicShapes/Sphere.ubulk" 844
"../../../Engine/Content/BasicShapes/Sphere.uasset" 845
"../../../Engine/Content/BasicShapes/Sphere.uexp" 846
"../../../Engine/Content/EditorLandscapeResources/SplineEditorMeshMat.uasset" 847
"../../../Engine/Content/EditorLandscapeResources/SplineEditorMeshMat.uexp" 848
"../../../Engine/Content/EditorLandscapeResources/SplineEditorMesh.ubulk" 849
"../../../Engine/Content/EditorLandscapeResources/SplineEditorMesh.uasset" 850
"../../../Engine/Content/EditorLandscapeResources/SplineEditorMesh.uexp" 851
"../../../Engine/Content/EngineMaterials/WeightMapPlaceholderTexture.uasset" 852
"../../../Engine/Content/EngineMaterials/WeightMapPlaceholderTexture.uexp" 853
"../../../Engine/Content/EngineMaterials/WeightMapArrayPlaceholderTexture.uasset" 854
"../../../Engine/Content/EngineMaterials/WeightMapArrayPlaceholderTexture.uexp" 855
"../../../Engine/Content/EngineResources/WhiteSquareTexture.uasset" 856
"../../../Engine/Content/EngineResources/WhiteSquareTexture.uexp" 857
"../../../Engine/Content/EngineMaterials/Widget3DPassThrough.uasset" 858
"../../../Engine/Content/EngineMaterials/Widget3DPassThrough.uexp" 859
"../../../Engine/Content/EngineMaterials/Widget3DPassThrough_Masked.uasset" 860
"../../../Engine/Content/EngineMaterials/Widget3DPassThrough_Masked.uexp" 861
"../../../Engine/Content/EngineMaterials/Widget3DPassThrough_Opaque.uasset" 862
"../../../Engine/Content/EngineMaterials/Widget3DPassThrough_Opaque.uexp" 863
"../../../Engine/Content/EngineMaterials/Widget3DPassThrough_Masked_OneSided.uasset" 864
"../../../Engine/Content/EngineMaterials/Widget3DPassThrough_Masked_OneSided.uexp" 865
"../../../Engine/Content/EngineMaterials/Widget3DPassThrough_Opaque_OneSided.uasset" 866
"../../../Engine/Content/EngineMaterials/Widget3DPassThrough_Opaque_OneSided.uexp" 867
"../../../Engine/Content/EngineMaterials/Widget3DPassThrough_Translucent.uasset" 868
"../../../Engine/Content/EngineMaterials/Widget3DPassThrough_Translucent.uexp" 869
"../../../Engine/Content/EngineMaterials/Widget3DPassThrough_Translucent_OneSided.uasset" 870
"../../../Engine/Content/EngineMaterials/Widget3DPassThrough_Translucent_OneSided.uexp" 871
"../../../Engine/Content/EngineMeshes/Cylinder.ubulk" 872
"../../../Engine/Content/EngineMeshes/Cylinder.uasset" 873
"../../../Engine/Content/EngineMeshes/Cylinder.uexp" 874
"../../../Engine/Content/EngineMaterials/Substrate/GLints/AGlintTex2dArray.uasset" 875
"../../../Engine/Content/EngineMaterials/Substrate/GLints/AGlintTex2dArray.uexp" 876
"../../../Engine/Plugins/2D/Paper2D/Content/DefaultSpriteMaterial.uasset" 877
"../../../Engine/Plugins/2D/Paper2D/Content/DefaultSpriteMaterial.uexp" 878
"../../../Engine/Plugins/2D/Paper2D/Content/MaskedUnlitSpriteMaterial.uasset" 879
"../../../Engine/Plugins/2D/Paper2D/Content/MaskedUnlitSpriteMaterial.uexp" 880
"../../../Engine/Plugins/2D/Paper2D/Content/OpaqueUnlitSpriteMaterial.uasset" 881
"../../../Engine/Plugins/2D/Paper2D/Content/OpaqueUnlitSpriteMaterial.uexp" 882
"../../../Engine/Plugins/Media/MediaPlate/Content/SM_MediaPlateScreen.ubulk" 883
"../../../Engine/Plugins/Media/MediaPlate/Content/SM_MediaPlateScreen.uasset" 884
"../../../Engine/Plugins/Media/MediaPlate/Content/SM_MediaPlateScreen.uexp" 885
"../../../Engine/Plugins/NNE/NNEDenoiser/Content/NNEDIM_ColorAlbedoNormal_Alpha.uasset" 886
"../../../Engine/Plugins/NNE/NNEDenoiser/Content/NNEDIM_ColorAlbedoNormal_Alpha.uexp" 887
"../../../Engine/Plugins/NNE/NNEDenoiser/Content/NNEDIM_ColorAlbedoNormal_Default.uasset" 888
"../../../Engine/Plugins/NNE/NNEDenoiser/Content/NNEDIM_ColorAlbedoNormal_Default.uexp" 889
"../../../Engine/Plugins/NNE/NNEDenoiser/Content/NNEDIM_HighQuality_Alpha.uasset" 890
"../../../Engine/Plugins/NNE/NNEDenoiser/Content/NNEDIM_HighQuality_Alpha.uexp" 891
"../../../Engine/Plugins/NNE/NNEDenoiser/Content/NNEDIM_HighQuality_Default.uasset" 892
"../../../Engine/Plugins/NNE/NNEDenoiser/Content/NNEDIM_HighQuality_Default.uexp" 893
"../../../Engine/Plugins/NNE/NNEDenoiser/Content/NNEDOM_Output_Alpha.uasset" 894
"../../../Engine/Plugins/NNE/NNEDenoiser/Content/NNEDOM_Output_Alpha.uexp" 895
"../../../Engine/Plugins/NNE/NNEDenoiser/Content/NNEDOM_Output_Default.uasset" 896
"../../../Engine/Plugins/NNE/NNEDenoiser/Content/NNEDOM_Output_Default.uexp" 897
"../../../Engine/Plugins/NNE/NNEDenoiser/Content/NNEDTIM_ColorAlbedoNormal_Alpha.uasset" 898
"../../../Engine/Plugins/NNE/NNEDenoiser/Content/NNEDTIM_ColorAlbedoNormal_Alpha.uexp" 899
"../../../Engine/Plugins/NNE/NNEDenoiser/Content/NNEDTIM_ColorAlbedoNormal_Default.uasset" 900
"../../../Engine/Plugins/NNE/NNEDenoiser/Content/NNEDTIM_ColorAlbedoNormal_Default.uexp" 901
"../../../Engine/Plugins/NNE/NNEDenoiser/Content/NNEDTOM_Output_Alpha.uasset" 902
"../../../Engine/Plugins/NNE/NNEDenoiser/Content/NNEDTOM_Output_Alpha.uexp" 903
"../../../Engine/Plugins/NNE/NNEDenoiser/Content/NNEDTOM_Output_Default.uasset" 904
"../../../Engine/Plugins/NNE/NNEDenoiser/Content/NNEDTOM_Output_Default.uexp" 905
"../../../Engine/Content/VREditor/TransformGizmo/StartRotationHandleIndicator.ubulk" 906
"../../../Engine/Content/VREditor/TransformGizmo/StartRotationHandleIndicator.uasset" 907
"../../../Engine/Content/VREditor/TransformGizmo/StartRotationHandleIndicator.uexp" 908
"../../../Engine/Content/VREditor/Sounds/UI/Drop_Item_From_ContentBrowser.ubulk" 909
"../../../Engine/Content/VREditor/Sounds/UI/Drop_Item_From_ContentBrowser.uasset" 910
"../../../Engine/Content/VREditor/Sounds/UI/Drop_Item_From_ContentBrowser.uexp" 911
"../../../Engine/Content/VREditor/TransformGizmo/PlaneTranslationHandle.ubulk" 912
"../../../Engine/Content/VREditor/TransformGizmo/PlaneTranslationHandle.uasset" 913
"../../../Engine/Content/VREditor/TransformGizmo/PlaneTranslationHandle.uexp" 914
"../../../Engine/Content/VREditor/Sounds/UI/Object_Snaps_To_Grid.ubulk" 915
"../../../Engine/Content/VREditor/Sounds/UI/Object_Snaps_To_Grid.uasset" 916
"../../../Engine/Content/VREditor/Sounds/UI/Object_Snaps_To_Grid.uexp" 917
"../../../Engine/Content/VREditor/Sounds/UI/Selection_Changes.ubulk" 918
"../../../Engine/Content/VREditor/Sounds/UI/Selection_Changes.uasset" 919
"../../../Engine/Content/VREditor/Sounds/UI/Selection_Changes.uexp" 920
"../../../Engine/Content/VREditor/Sounds/UI/Object_Snaps_To_Another_Actor.ubulk" 921
"../../../Engine/Content/VREditor/Sounds/UI/Object_Snaps_To_Another_Actor.uasset" 922
"../../../Engine/Content/VREditor/Sounds/UI/Object_Snaps_To_Another_Actor.uexp" 923
"../../../Engine/Content/VREditor/TransformGizmo/TranslucentTransformGizmoMaterial_Inst.uasset" 924
"../../../Engine/Content/VREditor/TransformGizmo/TranslucentTransformGizmoMaterial_Inst.uexp" 925
"../../../Engine/Content/VREditor/TransformGizmo/TransformGizmoFreeRotation.ubulk" 926
"../../../Engine/Content/VREditor/TransformGizmo/TransformGizmoFreeRotation.uasset" 927
"../../../Engine/Content/VREditor/TransformGizmo/TransformGizmoFreeRotation.uexp" 928
"../../../Engine/Content/VREditor/Sounds/UI/Scaling_Down.ubulk" 929
"../../../Engine/Content/VREditor/Sounds/UI/Scaling_Down.uasset" 930
"../../../Engine/Content/VREditor/Sounds/UI/Scaling_Down.uexp" 931
"../../../Engine/Content/Functions/Engine_MaterialFunctions02/SplitComponents.uasset" 932
"../../../Engine/Content/Functions/Engine_MaterialFunctions02/SplitComponents.uexp" 933
"../../../Engine/Content/VREditor/SnapGrid/SnapGridMaterial.uasset" 934
"../../../Engine/Content/VREditor/SnapGrid/SnapGridMaterial.uexp" 935
"../../../Engine/Content/VREditor/SnapGrid/SnapGridPlaneMesh.ubulk" 936
"../../../Engine/Content/VREditor/SnapGrid/SnapGridPlaneMesh.uasset" 937
"../../../Engine/Content/VREditor/SnapGrid/SnapGridPlaneMesh.uexp" 938
"../../../Engine/Content/VREditor/Sounds/UI/Scaling_Up.ubulk" 939
"../../../Engine/Content/VREditor/Sounds/UI/Scaling_Up.uasset" 940
"../../../Engine/Content/VREditor/Sounds/UI/Scaling_Up.uexp" 941
"../../../Engine/Content/VREditor/TransformGizmo/TransformGizmoMaterial_Inst.uasset" 942
"../../../Engine/Content/VREditor/TransformGizmo/TransformGizmoMaterial_Inst.uexp" 943
"../../../Engine/Content/VREditor/Sounds/UI/Gizmo_Handle_Clicked.ubulk" 944
"../../../Engine/Content/VREditor/Sounds/UI/Gizmo_Handle_Clicked.uasset" 945
"../../../Engine/Content/VREditor/Sounds/UI/Gizmo_Handle_Clicked.uexp" 946
"../../../Engine/Content/VREditor/TransformGizmo/RotationHandleQuarter.ubulk" 947
"../../../Engine/Content/VREditor/TransformGizmo/RotationHandleQuarter.uasset" 948
"../../../Engine/Content/VREditor/TransformGizmo/RotationHandleQuarter.uexp" 949
"../../../Engine/Content/VREditor/TransformGizmo/TranslateArrowHandle.ubulk" 950
"../../../Engine/Content/VREditor/TransformGizmo/TranslateArrowHandle.uasset" 951
"../../../Engine/Content/VREditor/TransformGizmo/TranslateArrowHandle.uexp" 952
"../../../Engine/Content/VREditor/TransformGizmo/RotationHandleIndicator.ubulk" 953
"../../../Engine/Content/VREditor/TransformGizmo/RotationHandleIndicator.uasset" 954
"../../../Engine/Content/VREditor/TransformGizmo/RotationHandleIndicator.uexp" 955
"../../../Engine/Content/VREditor/TransformGizmo/UniformScaleHandle.ubulk" 956
"../../../Engine/Content/VREditor/TransformGizmo/UniformScaleHandle.uasset" 957
"../../../Engine/Content/VREditor/TransformGizmo/UniformScaleHandle.uexp" 958
"../../../Engine/Content/VREditor/TransformGizmo/RotationHandleFull.ubulk" 959
"../../../Engine/Content/VREditor/TransformGizmo/RotationHandleFull.uasset" 960
"../../../Engine/Content/VREditor/TransformGizmo/RotationHandleFull.uexp" 961
"../../../Engine/Content/VREditor/Sounds/UI/Object_PickUp.ubulk" 962
"../../../Engine/Content/VREditor/Sounds/UI/Object_PickUp.uasset" 963
"../../../Engine/Content/VREditor/Sounds/UI/Object_PickUp.uexp" 964
"../../../Engine/Plugins/Animation/DeformerGraph/Content/DeformerFunctions/DG_Function_ComputeNormalsTangents.uasset" 965
"../../../Engine/Plugins/Animation/DeformerGraph/Content/DeformerFunctions/DG_Function_ComputeNormalsTangents.uexp" 966
"../../../Engine/Plugins/Animation/DeformerGraph/Content/DeformerFunctions/DG_Function_LinearBlendSkin_Morph_Cloth.uasset" 967
"../../../Engine/Plugins/Animation/DeformerGraph/Content/DeformerFunctions/DG_Function_LinearBlendSkin_Morph_Cloth.uexp" 968
"../../../Engine/Plugins/Animation/DeformerGraph/Content/DeformerFunctions/DG_Function_LinearBlendSkin_Morph_Cloth_PositionOnly.uasset" 969
"../../../Engine/Plugins/Animation/DeformerGraph/Content/DeformerFunctions/DG_Function_LinearBlendSkin_Morph_Cloth_PositionOnly.uexp" 970
"../../../Engine/Plugins/Animation/DeformerGraph/Content/Deformers/DG_LinearBlendSkin_Morph_Cloth.uasset" 971
"../../../Engine/Plugins/Animation/DeformerGraph/Content/Deformers/DG_LinearBlendSkin_Morph_Cloth.uexp" 972
"../../../Engine/Plugins/Animation/DeformerGraph/Content/Deformers/DG_LinearBlendSkin_Morph_Cloth_RecomputeNormals.uasset" 973
"../../../Engine/Plugins/Animation/DeformerGraph/Content/Deformers/DG_LinearBlendSkin_Morph_Cloth_RecomputeNormals.uexp" 974
"../../../Engine/Content/EngineResources/LandscapeVisibilityLayerInfo.uasset" 975
"../../../Engine/Content/EngineResources/LandscapeVisibilityLayerInfo.uexp" 976
"../../../Engine/Plugins/NNE/NNEDenoiser/Content/NNEDT_Oidn2-3_Balanced.uasset" 977
"../../../Engine/Plugins/NNE/NNEDenoiser/Content/NNEDT_Oidn2-3_Balanced.uexp" 978
"../../../Engine/Plugins/NNE/NNEDenoiser/Content/NNEDT_Oidn2-3_Balanced_Alpha.uasset" 979
"../../../Engine/Plugins/NNE/NNEDenoiser/Content/NNEDT_Oidn2-3_Balanced_Alpha.uexp" 980
"../../../Engine/Plugins/NNE/NNEDenoiser/Content/NNED_Oidn2-3_Balanced.uasset" 981
"../../../Engine/Plugins/NNE/NNEDenoiser/Content/NNED_Oidn2-3_Balanced.uexp" 982
"../../../Engine/Plugins/NNE/NNEDenoiser/Content/NNED_Oidn2-3_Balanced_Alpha.uasset" 983
"../../../Engine/Plugins/NNE/NNEDenoiser/Content/NNED_Oidn2-3_Balanced_Alpha.uexp" 984
"../../../Engine/Plugins/NNE/NNEDenoiser/Content/NNED_Oidn2-3_Fast.uasset" 985
"../../../Engine/Plugins/NNE/NNEDenoiser/Content/NNED_Oidn2-3_Fast.uexp" 986
"../../../Engine/Plugins/NNE/NNEDenoiser/Content/NNED_Oidn2-3_Fast_Alpha.uasset" 987
"../../../Engine/Plugins/NNE/NNEDenoiser/Content/NNED_Oidn2-3_Fast_Alpha.uexp" 988
"../../../Engine/Plugins/NNE/NNEDenoiser/Content/NNED_Oidn2-3_HighQuality.uasset" 989
"../../../Engine/Plugins/NNE/NNEDenoiser/Content/NNED_Oidn2-3_HighQuality.uexp" 990
"../../../Engine/Plugins/NNE/NNEDenoiser/Content/NNED_Oidn2-3_HighQuality_Alpha.uasset" 991
"../../../Engine/Plugins/NNE/NNEDenoiser/Content/NNED_Oidn2-3_HighQuality_Alpha.uexp" 992
"../../../Engine/Plugins/NNE/NNEDenoiser/Content/NNE_oidn2-3-0_rt_hdr_alb_nrm_small__dyn__fp16_opset11_DenoiseAlpha.uasset" 993
"../../../Engine/Plugins/NNE/NNEDenoiser/Content/NNE_oidn2-3-0_rt_hdr_alb_nrm_small__dyn__fp16_opset11_DenoiseAlpha.uexp" 994
"../../../Engine/Plugins/NNE/NNEDenoiser/Content/NNE_oidn2-3-0_rt_hdr_alb_nrm_small__dyn__fp16_opset11_ForwardAlpha.uasset" 995
"../../../Engine/Plugins/NNE/NNEDenoiser/Content/NNE_oidn2-3-0_rt_hdr_alb_nrm_small__dyn__fp16_opset11_ForwardAlpha.uexp" 996
"../../../Engine/Plugins/NNE/NNEDenoiser/Content/NNE_oidn2-3-0_rt_hdr_alb_nrm__dyn__fp16_opset11_DenoiseAlpha.uasset" 997
"../../../Engine/Plugins/NNE/NNEDenoiser/Content/NNE_oidn2-3-0_rt_hdr_alb_nrm__dyn__fp16_opset11_DenoiseAlpha.uexp" 998
"../../../Engine/Plugins/NNE/NNEDenoiser/Content/NNE_oidn2-3-0_rt_hdr_alb_nrm__dyn__fp16_opset11_ForwardAlpha.uasset" 999
"../../../Engine/Plugins/NNE/NNEDenoiser/Content/NNE_oidn2-3-0_rt_hdr_alb_nrm__dyn__fp16_opset11_ForwardAlpha.uexp" 1000
"../../../Engine/Plugins/NNE/NNEDenoiser/Content/NNE_oidn2-3-0_rt_hdr_calb_cnrm_large__dyn__fp16_opset11_DenoiseAlpha.uasset" 1001
"../../../Engine/Plugins/NNE/NNEDenoiser/Content/NNE_oidn2-3-0_rt_hdr_calb_cnrm_large__dyn__fp16_opset11_DenoiseAlpha.uexp" 1002
"../../../Engine/Plugins/NNE/NNEDenoiser/Content/NNE_oidn2-3-0_rt_hdr_calb_cnrm_large__dyn__fp16_opset11_ForwardAlpha.uasset" 1003
"../../../Engine/Plugins/NNE/NNEDenoiser/Content/NNE_oidn2-3-0_rt_hdr_calb_cnrm_large__dyn__fp16_opset11_ForwardAlpha.uexp" 1004
"../../../Engine/Content/EngineSky/T_Sky_Stars.ubulk" 1005
"../../../Engine/Content/EngineSky/T_Sky_Stars.uasset" 1006
"../../../Engine/Content/EngineSky/T_Sky_Stars.uexp" 1007
"../../../Engine/Content/EngineSky/T_Sky_Clouds_M.ubulk" 1008
"../../../Engine/Content/EngineSky/T_Sky_Clouds_M.uasset" 1009
"../../../Engine/Content/EngineSky/T_Sky_Clouds_M.uexp" 1010
"../../../Engine/Content/EngineSky/T_Sky_Blue.ubulk" 1011
"../../../Engine/Content/EngineSky/T_Sky_Blue.uasset" 1012
"../../../Engine/Content/EngineSky/T_Sky_Blue.uexp" 1013
"../../../Engine/Content/EngineSky/M_Sky_Panning_Clouds2.uasset" 1014
"../../../Engine/Content/EngineSky/M_Sky_Panning_Clouds2.uexp" 1015
"../../../Engine/Content/EngineSky/SM_SkySphere.ubulk" 1016
"../../../Engine/Content/EngineSky/SM_SkySphere.uasset" 1017
"../../../Engine/Content/EngineSky/SM_SkySphere.uexp" 1018
"C:/Users/natur/Documents/Ecole/unreal/KeepPushing/Content/LevelDesign/StartAndFinish/Blueprrint/BP_StartZone.uasset" 1019
"C:/Users/natur/Documents/Ecole/unreal/KeepPushing/Content/LevelDesign/StartAndFinish/Blueprrint/BP_StartZone.uexp" 1020
"C:/Users/natur/Documents/Ecole/unreal/KeepPushing/Content/LevelDesign/StartAndFinish/Blueprrint/BP_FinishZone.uasset" 1021
"C:/Users/natur/Documents/Ecole/unreal/KeepPushing/Content/LevelDesign/StartAndFinish/Blueprrint/BP_FinishZone.uexp" 1022
"../../../Engine/Content/BasicShapes/BasicShapeMaterial.uasset" 1023
"../../../Engine/Content/BasicShapes/BasicShapeMaterial.uexp" 1024
"../../../Engine/Content/EngineSky/M_SimpleSkyDome.uasset" 1025
"../../../Engine/Content/EngineSky/M_SimpleSkyDome.uexp" 1026
"C:/Users/natur/Documents/Ecole/unreal/KeepPushing/Content/LevelDesign/Levels/Level_MVP.uexp" 1027
"C:/Users/natur/Documents/Ecole/unreal/KeepPushing/Content/LevelDesign/Levels/Level_MVP.umap" 1028
"C:/Users/natur/Documents/Ecole/unreal/KeepPushing/Content/Menus/MainMenu/UIs/CreditsMenu.uasset" 1029
"C:/Users/natur/Documents/Ecole/unreal/KeepPushing/Content/Menus/MainMenu/UIs/CreditsMenu.uexp" 1030
"C:/Users/natur/Documents/Ecole/unreal/KeepPushing/Content/Menus/MainMenu/UIs/SettingsMenu.uasset" 1031
"C:/Users/natur/Documents/Ecole/unreal/KeepPushing/Content/Menus/MainMenu/UIs/SettingsMenu.uexp" 1032
"C:/Users/natur/Documents/Ecole/unreal/KeepPushing/Content/Menus/MainMenu/UIs/MainMenu.uasset" 1033
"C:/Users/natur/Documents/Ecole/unreal/KeepPushing/Content/Menus/MainMenu/UIs/MainMenu.uexp" 1034
"C:/Users/natur/Documents/Ecole/unreal/KeepPushing/Content/Menus/MainMenu/MainMenu.uexp" 1035
"C:/Users/natur/Documents/Ecole/unreal/KeepPushing/Content/Menus/MainMenu/MainMenu.umap" 1036
"../../../Engine/Content/Maps/Entry_BuiltData.uasset" 1037
"../../../Engine/Content/Maps/Entry_BuiltData.uexp" 1038
"../../../Engine/Content/Maps/Entry.uexp" 1039
"../../../Engine/Content/Maps/Entry.umap" 1040
